Component: ARM Compiler 5.06 update 7 (build 960) Tool: armlink [4d3601]

==============================================================================

Section Cross References

    startup_stm32f103xb.o(STACK) refers (Special) to heapauxi.o(.text) for __use_two_region_memory
    startup_stm32f103xb.o(HEAP) refers (Special) to heapauxi.o(.text) for __use_two_region_memory
    startup_stm32f103xb.o(RESET) refers (Special) to heapauxi.o(.text) for __use_two_region_memory
    startup_stm32f103xb.o(RESET) refers to startup_stm32f103xb.o(STACK) for __initial_sp
    startup_stm32f103xb.o(RESET) refers to startup_stm32f103xb.o(.text) for Reset_Handler
    startup_stm32f103xb.o(RESET) refers to stm32f1xx_it.o(i.NMI_Handler) for NMI_Handler
    startup_stm32f103xb.o(RESET) refers to stm32f1xx_it.o(i.HardFault_Handler) for HardFault_Handler
    startup_stm32f103xb.o(RESET) refers to stm32f1xx_it.o(i.MemManage_Handler) for MemManage_Handler
    startup_stm32f103xb.o(RESET) refers to stm32f1xx_it.o(i.BusFault_Handler) for BusFault_Handler
    startup_stm32f103xb.o(RESET) refers to stm32f1xx_it.o(i.UsageFault_Handler) for UsageFault_Handler
    startup_stm32f103xb.o(RESET) refers to port.o(.emb_text) for SVC_Handler
    startup_stm32f103xb.o(RESET) refers to stm32f1xx_it.o(i.DebugMon_Handler) for DebugMon_Handler
    startup_stm32f103xb.o(RESET) refers to port.o(i.SysTick_Handler) for SysTick_Handler
    startup_stm32f103xb.o(RESET) refers to stm32f1xx_it.o(i.DMA1_Channel5_IRQHandler) for DMA1_Channel5_IRQHandler
    startup_stm32f103xb.o(RESET) refers to stm32f1xx_it.o(i.EXTI9_5_IRQHandler) for EXTI9_5_IRQHandler
    startup_stm32f103xb.o(RESET) refers to stm32f1xx_it.o(i.TIM3_IRQHandler) for TIM3_IRQHandler
    startup_stm32f103xb.o(RESET) refers to stm32f1xx_it.o(i.USART1_IRQHandler) for USART1_IRQHandler
    startup_stm32f103xb.o(.text) refers (Special) to heapauxi.o(.text) for __use_two_region_memory
    startup_stm32f103xb.o(.text) refers to system_stm32f1xx.o(i.SystemInit) for SystemInit
    startup_stm32f103xb.o(.text) refers to __main.o(!!!main) for __main
    startup_stm32f103xb.o(.text) refers to startup_stm32f103xb.o(HEAP) for Heap_Mem
    startup_stm32f103xb.o(.text) refers to startup_stm32f103xb.o(STACK) for Stack_Mem
    main.o(i.HAL_TIM_PeriodElapsedCallback) refers to stm32f1xx_hal.o(i.HAL_IncTick) for HAL_IncTick
    main.o(i.SystemClock_Config) refers to rt_memclr_w.o(.text) for __aeabi_memclr4
    main.o(i.SystemClock_Config) refers to stm32f1xx_hal_rcc.o(i.HAL_RCC_OscConfig) for HAL_RCC_OscConfig
    main.o(i.SystemClock_Config) refers to main.o(i.Error_Handler) for Error_Handler
    main.o(i.SystemClock_Config) refers to stm32f1xx_hal_rcc.o(i.HAL_RCC_ClockConfig) for HAL_RCC_ClockConfig
    main.o(i.SystemClock_Config) refers to stm32f1xx_hal_rcc_ex.o(i.HAL_RCCEx_PeriphCLKConfig) for HAL_RCCEx_PeriphCLKConfig
    main.o(i.main) refers to stm32f1xx_hal.o(i.HAL_Init) for HAL_Init
    main.o(i.main) refers to main.o(i.SystemClock_Config) for SystemClock_Config
    main.o(i.main) refers to gpio.o(i.MX_GPIO_Init) for MX_GPIO_Init
    main.o(i.main) refers to dma.o(i.MX_DMA_Init) for MX_DMA_Init
    main.o(i.main) refers to adc.o(i.MX_ADC1_Init) for MX_ADC1_Init
    main.o(i.main) refers to tim.o(i.MX_TIM1_Init) for MX_TIM1_Init
    main.o(i.main) refers to tim.o(i.MX_TIM2_Init) for MX_TIM2_Init
    main.o(i.main) refers to usart.o(i.MX_USART1_UART_Init) for MX_USART1_UART_Init
    main.o(i.main) refers to components.o(i.Components_Init) for Components_Init
    main.o(i.main) refers to stm32f1xx_hal_adc_ex.o(i.HAL_ADCEx_Calibration_Start) for HAL_ADCEx_Calibration_Start
    main.o(i.main) refers to cmsis_os2.o(i.osKernelInitialize) for osKernelInitialize
    main.o(i.main) refers to freertos.o(i.MX_FREERTOS_Init) for MX_FREERTOS_Init
    main.o(i.main) refers to cmsis_os2.o(i.osKernelStart) for osKernelStart
    main.o(i.main) refers to adc.o(.bss) for hadc1
    gpio.o(i.MX_GPIO_Init) refers to stm32f1xx_hal_gpio.o(i.HAL_GPIO_WritePin) for HAL_GPIO_WritePin
    gpio.o(i.MX_GPIO_Init) refers to stm32f1xx_hal_gpio.o(i.HAL_GPIO_Init) for HAL_GPIO_Init
    gpio.o(i.MX_GPIO_Init) refers to stm32f1xx_hal_cortex.o(i.HAL_NVIC_SetPriority) for HAL_NVIC_SetPriority
    gpio.o(i.MX_GPIO_Init) refers to stm32f1xx_hal_cortex.o(i.HAL_NVIC_EnableIRQ) for HAL_NVIC_EnableIRQ
    freertos.o(i.MX_FREERTOS_Init) refers to cmsis_os2.o(i.osThreadNew) for osThreadNew
    freertos.o(i.MX_FREERTOS_Init) refers to user_main.o(i.User_Init) for User_Init
    freertos.o(i.MX_FREERTOS_Init) refers to freertos.o(.constdata) for defaultTask_attributes
    freertos.o(i.MX_FREERTOS_Init) refers to freertos.o(i.StartDefaultTask) for StartDefaultTask
    freertos.o(i.MX_FREERTOS_Init) refers to freertos.o(.data) for defaultTaskHandle
    freertos.o(i.StartDefaultTask) refers to cmsis_os2.o(i.osDelay) for osDelay
    freertos.o(.constdata) refers to freertos.o(.conststring) for .conststring
[...]
    i.xTaskPriorityDisinherit                0x08005eb8   Section        0  tasks.o(i.xTaskPriorityDisinherit)
    i.xTaskRemoveFromEventList               0x08005f5c   Section        0  tasks.o(i.xTaskRemoveFromEventList)
    i.xTaskResumeAll                         0x08005ff4   Section        0  tasks.o(i.xTaskResumeAll)
    i.xTimerCreateTimerTask                  0x080060f8   Section        0  timers.o(i.xTimerCreateTimerTask)
    i.xTimerGenericCommand                   0x08006170   Section        0  timers.o(i.xTimerGenericCommand)
    x$fpl$dcmpinf                            0x080061f4   Section       24  dcmpi.o(x$fpl$dcmpinf)
    x$fpl$dleqf                              0x0800620c   Section      120  dleqf.o(x$fpl$dleqf)
    x$fpl$dnaninf                            0x08006284   Section      156  dnaninf.o(x$fpl$dnaninf)
    x$fpl$dretinf                            0x08006320   Section       12  dretinf.o(x$fpl$dretinf)
    x$fpl$drleqf                             0x0800632c   Section      108  drleqf.o(x$fpl$drleqf)
    x$fpl$f2d                                0x08006398   Section       86  f2d.o(x$fpl$f2d)
    x$fpl$fadd                               0x080063f0   Section      196  faddsub_clz.o(x$fpl$fadd)
    _fadd1                                   0x080063ff   Thumb Code     0  faddsub_clz.o(x$fpl$fadd)
    x$fpl$fcmpinf                            0x080064b4   Section       24  fcmpi.o(x$fpl$fcmpinf)
    x$fpl$fdiv                               0x080064cc   Section      388  fdiv.o(x$fpl$fdiv)
    _fdiv1                                   0x080064cd   Thumb Code     0  fdiv.o(x$fpl$fdiv)
    x$fpl$ffixu                              0x08006650   Section       62  ffixu.o(x$fpl$ffixu)
    x$fpl$fflt                               0x08006690   Section       48  fflt_clz.o(x$fpl$fflt)
    x$fpl$ffltu                              0x080066c0   Section       38  fflt_clz.o(x$fpl$ffltu)
    x$fpl$fleqf                              0x080066e8   Section      104  fleqf.o(x$fpl$fleqf)
    x$fpl$fmul                               0x08006750   Section      258  fmul.o(x$fpl$fmul)
    x$fpl$fnaninf                            0x08006852   Section      140  fnaninf.o(x$fpl$fnaninf)
    x$fpl$fretinf                            0x080068de   Section       10  fretinf.o(x$fpl$fretinf)
    x$fpl$frleqf                             0x080068e8   Section       98  frleqf.o(x$fpl$frleqf)
    x$fpl$fsub                               0x0800694c   Section      234  faddsub_clz.o(x$fpl$fsub)
    _fsub1                                   0x0800695b   Thumb Code     0  faddsub_clz.o(x$fpl$fsub)
    x$fpl$usenofp                            0x08006a36   Section        0  usenofp.o(x$fpl$usenofp)
    .constdata                               0x08006a38   Section       36  freertos.o(.constdata)
    .constdata                               0x08006a5c   Section       24  system_stm32f1xx.o(.constdata)
    .constdata                               0x08006a74   Section       52  os.o(.constdata)
    .conststring                             0x08006aa8   Section       12  freertos.o(.conststring)
    .data                                    0x20000000   Section        4  freertos.o(.data)
    .data                                    0x20000004   Section        9  stm32f1xx_hal.o(.data)
    .data                                    0x20000010   Section        4  system_stm32f1xx.o(.data)
    .data                                    0x20000014   Section       60  tasks.o(.data)
    pxDelayedTaskList                        0x20000018   Data           4  tasks.o(.data)
    pxOverflowDelayedTaskList                0x2000001c   Data           4  tasks.o(.data)
    uxDeletedTasksWaitingCleanUp             0x20000020   Data           4  tasks.o(.data)
    uxCurrentNumberOfTasks                   0x20000024   Data           4  tasks.o(.data)
    xTickCount                               0x20000028   Data           4  tasks.o(.data)
    uxTopReadyPriority                       0x2000002c   Data           4  tasks.o(.data)
    xSchedulerRunning                        0x20000030   Data           4  tasks.o(.data)
    uxPendedTicks                            0x20000034   Data           4  tasks.o(.data)
    xYieldPending                            0x20000038   Data           4  tasks.o(.data)
    xNumOfOverflows                          0x2000003c   Data           4  tasks.o(.data)
    uxTaskNumber                             0x20000040   Data           4  tasks.o(.data)
    xNextTaskUnblockTime                     0x20000044   Data           4  tasks.o(.data)
    xIdleTaskHandle                          0x20000048   Data           4  tasks.o(.data)
    uxSchedulerSuspended                     0x2000004c   Data           4  tasks.o(.data)
    .data                                    0x20000050   Section       20  timers.o(.data)
    pxCurrentTimerList                       0x20000050   Data           4  timers.o(.data)
    pxOverflowTimerList                      0x20000054   Data           4  timers.o(.data)
    xTimerQueue                              0x20000058   Data           4  timers.o(.data)
    xTimerTaskHandle                         0x2000005c   Data           4  timers.o(.data)
    xLastTime                                0x20000060   Data           4  timers.o(.data)
    .data                                    0x20000064   Section        4  cmsis_os2.o(.data)
    KernelState                              0x20000064   Data           4  cmsis_os2.o(.data)
    .data                                    0x20000068   Section       24  heap_4.o(.data)
    xStart                                   0x20000068   Data           8  heap_4.o(.data)
    pxEnd                                    0x20000070   Data           4  heap_4.o(.data)
    xFreeBytesRemaining                      0x20000074   Data           4  heap_4.o(.data)
    xMinimumEverFreeBytesRemaining           0x20000078   Data           4  heap_4.o(.data)
    xBlockAllocatedBit                       0x2000007c   Data           4  heap_4.o(.data)
    .data                                    0x20000080   Section       12  port.o(.data)
    uxCriticalNesting                        0x20000080   Data           4  port.o(.data)
    ucMaxSysCallPriority                     0x20000084   Data           1  port.o(.data)
    ulMaxPRIGROUPValue                       0x20000088   Data           4  port.o(.data)
    .data                                    0x2000008c   Section        8  controller.o(.data)
    .data                                    0x20000094   Section        4  os.o(.data)
    stack_c                                  0x20000094   Data           2  os.o(.data)
    task_c                                   0x20000096   Data           1  os.o(.data)
    event_c                                  0x20000097   Data           1  os.o(.data)
    .data                                    0x20000098   Section      208  pwm.o(.data)
    .bss                                     0x20000168   Section       48  adc.o(.bss)
    .bss                                     0x20000198   Section      144  tim.o(.bss)
    .bss                                     0x20000228   Section      136  usart.o(.bss)
    .bss                                     0x200002b0   Section       72  stm32f1xx_hal_timebase_tim.o(.bss)
    .bss                                     0x200002f8   Section       64  queue.o(.bss)
    .bss                                     0x20000338   Section     1220  tasks.o(.bss)
    pxReadyTasksLists                        0x20000338   Data        1120  tasks.o(.bss)
    xDelayedTaskList1                        0x20000798   Data          20  tasks.o(.bss)
    xDelayedTaskList2                        0x200007ac   Data          20  tasks.o(.bss)
    xPendingReadyList                        0x200007c0   Data          20  tasks.o(.bss)
    xTasksWaitingTermination                 0x200007d4   Data          20  tasks.o(.bss)
    xSuspendedTaskList                       0x200007e8   Data          20  tasks.o(.bss)
    .bss                                     0x200007fc   Section      280  timers.o(.bss)
    xActiveTimerList1                        0x200007fc   Data          20  timers.o(.bss)
    xActiveTimerList2                        0x20000810   Data          20  timers.o(.bss)
    xStaticTimerQueue                        0x20000824   Data          80  timers.o(.bss)
    ucStaticTimerQueueStorage                0x20000874   Data         160  timers.o(.bss)
    .bss                                     0x20000914   Section     1720  cmsis_os2.o(.bss)
    Idle_TCB                                 0x20000914   Data          92  cmsis_os2.o(.bss)
    Idle_Stack                               0x20000970   Data         512  cmsis_os2.o(.bss)
    Timer_TCB                                0x20000b70   Data          92  cmsis_os2.o(.bss)
    Timer_Stack                              0x20000bcc   Data        1024  cmsis_os2.o(.bss)
    .bss                                     0x20000fcc   Section     3072  heap_4.o(.bss)
    ucHeap                                   0x20000fcc   Data        3072  heap_4.o(.bss)
    .bss                                     0x20001bcc   Section       72  controller.o(.bss)
    .bss                                     0x20001c14   Section     9668  os.o(.bss)
    stack                                    0x20001c14   Data        8192  os.o(.bss)
    task                                     0x20003c14   Data        1380  os.o(.bss)
    event                                    0x20004178   Data          96  os.o(.bss)
    .bss                                     0x200041d8   Section       60  bsp_adc.o(.bss)
    sConfig                                  0x20004208   Data          12  bsp_adc.o(.bss)
    .bss                                     0x20004214   Section       96  libspace.o(.bss)
    HEAP                                     0x20004278   Section      512  startup_stm32f103xb.o(HEAP)
    Heap_Mem                                 0x20004278   Data         512  startup_stm32f103xb.o(HEAP)
    STACK                                    0x20004478   Section     1024  startup_stm32f103xb.o(STACK)
    Stack_Mem                                0x20004478   Data        1024  startup_stm32f103xb.o(STACK)
    __initial_sp                             0x20004878   Data           0  startup_stm32f103xb.o(STACK)

    Global Symbols

    Symbol Name                              Value     Ov Type        Size  Object(Section)

    BuildAttributes$$THM_ISAv4$P$D$K$B$S$PE$A:L22UL41UL21$X:L11$S22US41US21$IEEE1$IW$USESV6$~STKCKD$USESV7$~SHL$OSPACE$ROPI$EBA8$UX$STANDARDLIB$REQ8$PRES8$EABIv2 0x00000000   Number         0  anon$$obj.o ABSOLUTE
    __ARM_use_no_argv                        0x00000000   Number         0  main.o ABSOLUTE
    __ARM_exceptions_init                     - Undefined Weak Reference
    __alloca_initialize                       - Undefined Weak Reference
    __arm_fini_                               - Undefined Weak Reference
    __arm_preinit_                            - Undefined Weak Reference
    __cpp_initialize__aeabi_                  - Undefined Weak Reference
    __cxa_finalize                            - Undefined Weak Reference
    __rt_locale                               - Undefined Weak Reference
    __sigvec_lookup                           - Undefined Weak Reference
    _atexit_init                              - Undefined Weak Reference
    _call_atexit_fns                          - Undefined Weak Reference
    _clock_init                               - Undefined Weak Reference
    _fp_trap_init                             - Undefined Weak Reference
    _fp_trap_shutdown                         - Undefined Weak Reference
    _get_lc_collate                           - Undefined Weak Reference
    _get_lc_ctype                             - Undefined Weak Reference
    _get_lc_monetary                          - Undefined Weak Reference
    _get_lc_numeric                           - Undefined Weak Reference
    _get_lc_time                              - Undefined Weak Reference
    _getenv_init                              - Undefined Weak Reference
    _handle_redirection                       - Undefined Weak Reference
    _init_alloc                               - Undefined Weak Reference
    _init_user_alloc                          - Undefined Weak Reference
    _initio                                   - Undefined Weak Reference
    _rand_init                                - Undefined Weak Reference
    _signal_finish                            - Undefined Weak Reference
    _signal_init                              - Undefined Weak Reference
    _terminate_alloc                          - Undefined Weak Reference
    _terminate_user_alloc                     - Undefined Weak Reference
    _terminateio                              - Undefined Weak Reference
    __Vectors_Size                           0x000000ec   Number         0  startup_stm32f103xb.o ABSOLUTE
    __Vectors                                0x08000000   Data           4  startup_stm32f103xb.o(RESET)
    __Vectors_End                            0x080000ec   Data           0  startup_stm32f103xb.o(RESET)
    __main                                   0x080000ed   Thumb Code     8  __main.o(!!!main)
    __scatterload                            0x080000f5   Thumb Code     0  __scatter.o(!!!scatter)
    __scatterload_rt2                        0x080000f5   Thumb Code    44  __scatter.o(!!!scatter)
    __scatterload_rt2_thumb_only             0x080000f5   Thumb Code     0  __scatter.o(!!!scatter)
    __scatterload_null                       0x08000103   Thumb Code     0  __scatter.o(!!!scatter)
    __decompress                             0x08000129   Thumb Code    90  __dczerorl2.o(!!dczerorl2)
    __decompress1                            0x08000129   Thumb Code     0  __dczerorl2.o(!!dczerorl2)
    __scatterload_zeroinit                   0x08000185   Thumb Code    28  __scatter_zi.o(!!handler_zi)
    __rt_lib_init                            0x080001a1   Thumb Code     0  libinit.o(.ARM.Collect$$libinit$$00000000)
    __rt_lib_init_alloca_1                   0x080001a3   Thumb Code     0  libinit2.o(.ARM.Collect$$libinit$$0000002E)
    __rt_lib_init_argv_1                     0x080001a3   Thumb Code     0  libinit2.o(.ARM.Collect$$libinit$$0000002C)
    __rt_lib_init_atexit_1                   0x080001a3   Thumb Code     0  libinit2.o(.ARM.Collect$$libinit$$0000001B)
    __rt_lib_init_clock_1                    0x080001a3   Thumb Code     0  libinit2.o(.ARM.Collect$$libinit$$00000021)
    __rt_lib_init_cpp_1                      0x080001a3   Thumb Code     0  libinit2.o(.ARM.Collect$$libinit$$00000032)
    __rt_lib_init_exceptions_1               0x080001a3   Thumb Code     0  libinit2.o(.ARM.Collect$$libinit$$00000030)
    __rt_lib_init_fp_1                       0x080001a3   Thumb Code     0  libinit2.o(.ARM.Collect$$libinit$$00000002)
    __rt_lib_init_fp_trap_1                  0x080001a3   Thumb Code     0  libinit2.o(.ARM.Collect$$libinit$$0000001F)
    __rt_lib_init_getenv_1                   0x080001a3   Thumb Code     0  libinit2.o(.ARM.Collect$$libinit$$00000023)
    __rt_lib_init_heap_1                     0x080001a3   Thumb Code     0  libinit2.o(.ARM.Collect$$libinit$$0000000A)
    __rt_lib_init_lc_collate_1               0x080001a3   Thumb Code     0  libinit2.o(.ARM.Collect$$libinit$$00000011)
    __rt_lib_init_lc_ctype_1                 0x080001a3   Thumb Code     0  libinit2.o(.ARM.Collect$$libinit$$00000013)
    __rt_lib_init_lc_monetary_1              0x080001a3   Thumb Code     0  libinit2.o(.ARM.Collect$$libinit$$00000015)
    __rt_lib_init_lc_numeric_1               0x080001a3   Thumb Code     0  libinit2.o(.ARM.Collect$$libinit$$00000017)
    __rt_lib_init_lc_time_1                  0x080001a3   Thumb Code     0  libinit2.o(.ARM.Collect$$libinit$$00000019)
    __rt_lib_init_preinit_1                  0x080001a3   Thumb Code     0  libinit2.o(.ARM.Collect$$libinit$$00000004)
    __rt_lib_init_rand_1                     0x080001a3   Thumb Code     0  libinit2.o(.ARM.Collect$$libinit$$0000000E)
    __rt_lib_init_return                     0x080001a3   Thumb Code     0  libinit2.o(.ARM.Collect$$libinit$$00000033)
    __rt_lib_init_signal_1                   0x080001a3   Thumb Code     0  libinit2.o(.ARM.Collect$$libinit$$0000001D)
    __rt_lib_init_stdio_1                    0x080001a3   Thumb Code     0  libinit2.o(.ARM.Collect$$libinit$$00000025)
    __rt_lib_init_user_alloc_1               0x080001a3   Thumb Code     0  libinit2.o(.ARM.Collect$$libinit$$0000000C)
    __rt_lib_shutdown                        0x080001a5   Thumb Code     0  libshutdown.o(.ARM.Collect$$libshutdown$$00000000)
    __rt_lib_shutdown_cpp_1                  0x080001a7   Thumb Code     0  libshutdown2.o(.ARM.Collect$$libshutdown$$00000004)
    __rt_lib_shutdown_fini_1                 0x080001a7   Thumb Code     0  libshutdown2.o(.ARM.Collect$$libshutdown$$00000002)
    __rt_lib_shutdown_fp_trap_1              0x080001a7   Thumb Code     0  libshutdown2.o(.ARM.Collect$$libshutdown$$00000009)
    __rt_lib_shutdown_heap_1                 0x080001a7   Thumb Code     0  libshutdown2.o(.ARM.Collect$$libshutdown$$00000011)
    __rt_lib_shutdown_return                 0x080001a7   Thumb Code     0  libshutdown2.o(.ARM.Collect$$libshutdown$$00000012)
    __rt_lib_shutdown_signal_1               0x080001a7   Thumb Code     0  libshutdown2.o(.ARM.Collect$$libshutdown$$0000000C)
    __rt_lib_shutdown_stdio_1                0x080001a7   Thumb Code     0  libshutdown2.o(.ARM.Collect$$libshutdown$$00000006)
    __rt_lib_shutdown_user_alloc_1           0x080001a7   Thumb Code     0  libshutdown2.o(.ARM.Collect$$libshutdown$$0000000E)
    __rt_entry                               0x080001a9   Thumb Code     0  __rtentry.o(.ARM.Collect$$rtentry$$00000000)
    __rt_entry_presh_1                       0x080001a9   Thumb Code     0  __rtentry2.o(.ARM.Collect$$rtentry$$00000002)
    __rt_entry_sh                            0x080001a9   Thumb Code     0  __rtentry4.o(.ARM.Collect$$rtentry$$00000004)
    __rt_entry_li                            0x080001af   Thumb Code     0  __rtentry2.o(.ARM.Collect$$rtentry$$0000000A)
    __rt_entry_postsh_1                      0x080001af   Thumb Code     0  __rtentry2.o(.ARM.Collect$$rtentry$$00000009)
    __rt_entry_main                          0x080001b3   Thumb Code     0  __rtentry2.o(.ARM.Collect$$rtentry$$0000000D)
    __rt_entry_postli_1                      0x080001b3   Thumb Code     0  __rtentry2.o(.ARM.Collect$$rtentry$$0000000C)
    __rt_exit                                0x080001bb   Thumb Code     0  rtexit.o(.ARM.Collect$$rtexit$$00000000)
    __rt_exit_ls                             0x080001bd   Thumb Code     0  rtexit2.o(.ARM.Collect$$rtexit$$00000003)
    __rt_exit_prels_1                        0x080001bd   Thumb Code     0  rtexit2.o(.ARM.Collect$$rtexit$$00000002)
    __rt_exit_exit                           0x080001c1   Thumb Code     0  rtexit2.o(.ARM.Collect$$rtexit$$00000004)
    SVC_Handler                              0x080001c9   Thumb Code    32  port.o(.emb_text)
    __asm___6_port_c_39a90d8d__prvStartFirstTask 0x080001ed   Thumb Code    28  port.o(.emb_text)
    PendSV_Handler                           0x0800020d   Thumb Code    72  port.o(.emb_text)
    vPortGetIPSR                             0x08000259   Thumb Code     6  port.o(.emb_text)
    Reset_Handler                            0x08000261   Thumb Code     8  startup_stm32f103xb.o(.text)
    ADC1_2_IRQHandler                        0x0800027b   Thumb Code     0  startup_stm32f103xb.o(.text)
    CAN1_RX1_IRQHandler                      0x0800027b   Thumb Code     0  startup_stm32f103xb.o(.text)
    CAN1_SCE_IRQHandler                      0x0800027b   Thumb Code     0  startup_stm32f103xb.o(.text)
    DMA1_Channel1_IRQHandler                 0x0800027b   Thumb Code     0  startup_stm32f103xb.o(.text)
    DMA1_Channel2_IRQHandler                 0x0800027b   Thumb Code     0  startup_stm32f103xb.o(.text)
    DMA1_Channel3_IRQHandler                 0x0800027b   Thumb Code     0  startup_stm32f103xb.o(.text)
    DMA1_Channel4_IRQHandler                 0x0800027b   Thumb Code     0  startup_stm32f103xb.o(.text)
    DMA1_Channel6_IRQHandler                 0x0800027b   Thumb Code     0  startup_stm32f103xb.o(.text)
    DMA1_Channel7_IRQHandler                 0x0800027b   Thumb Code     0  startup_stm32f103xb.o(.text)
    EXTI0_IRQHandler                         0x0800027b   Thumb Code     0  startup_stm32f103xb.o(.text)
    EXTI15_10_IRQHandler                     0x0800027b   Thumb Code     0  startup_stm32f103xb.o(.text)
    EXTI1_IRQHandler                         0x0800027b   Thumb Code     0  startup_stm32f103xb.o(.text)
    EXTI2_IRQHandler                         0x0800027b   Thumb Code     0  startup_stm32f103xb.o(.text)
    EXTI3_IRQHandler                         0x0800027b   Thumb Code     0  startup_stm32f103xb.o(.text)
    EXTI4_IRQHandler                         0x0800027b   Thumb Code     0  startup_stm32f103xb.o(.text)
    FLASH_IRQHandler                         0x0800027b   Thumb Code     0  startup_stm32f103xb.o(.text)
    I2C1_ER_IRQHandler                       0x0800027b   Thumb Code     0  startup_stm32f103xb.o(.text)
    I2C1_EV_IRQHandler                       0x0800027b   Thumb Code     0  startup_stm32f103xb.o(.text)
    I2C2_ER_IRQHandler                       0x0800027b   Thumb Code     0  startup_stm32f103xb.o(.text)
    I2C2_EV_IRQHandler                       0x0800027b   Thumb Code     0  startup_stm32f103xb.o(.text)
    PVD_IRQHandler                           0x0800027b   Thumb Code     0  startup_stm32f103xb.o(.text)
    RCC_IRQHandler                           0x0800027b   Thumb Code     0  startup_stm32f103xb.o(.text)
    RTC_Alarm_IRQHandler                     0x0800027b   Thumb Code     0  startup_stm32f103xb.o(.text)
    RTC_IRQHandler                           0x0800027b   Thumb Code     0  startup_stm32f103xb.o(.text)
    SPI1_IRQHandler                          0x0800027b   Thumb Code     0  startup_stm32f103xb.o(.text)
    SPI2_IRQHandler                          0x0800027b   Thumb Code     0  startup_stm32f103xb.o(.text)
    TAMPER_IRQHandler                        0x0800027b   Thumb Code     0  startup_stm32f103xb.o(.text)
    TIM1_BRK_IRQHandler                      0x0800027b   Thumb Code     0  startup_stm32f103xb.o(.text)
    TIM1_CC_IRQHandler                       0x0800027b   Thumb Code     0  startup_stm32f103xb.o(.text)
    TIM1_TRG_COM_IRQHandler                  0x0800027b   Thumb Code     0  startup_stm32f103xb.o(.text)
    TIM1_UP_IRQHandler                       0x0800027b   Thumb Code     0  startup_stm32f103xb.o(.text)
    TIM2_IRQHandler                          0x0800027b   Thumb Code     0  startup_stm32f103xb.o(.text)
    TIM4_IRQHandler                          0x0800027b   Thumb Code     0  startup_stm32f103xb.o(.text)
    USART2_IRQHandler                        0x0800027b   Thumb Code     0  startup_stm32f103xb.o(.text)
    USART3_IRQHandler                        0x0800027b   Thumb Code     0  startup_stm32f103xb.o(.text)
    USBWakeUp_IRQHandler                     0x0800027b   Thumb Code     0  startup_stm32f103xb.o(.text)
    USB_HP_CAN1_TX_IRQHandler                0x0800027b   Thumb Code     0  startup_stm32f103xb.o(.text)
    USB_LP_CAN1_RX0_IRQHandler               0x0800027b   Thumb Code     0  startup_stm32f103xb.o(.text)
    WWDG_IRQHandler                          0x0800027b   Thumb Code     0  startup_stm32f103xb.o(.text)
    __user_initial_stackheap                 0x0800027d   Thumb Code     0  startup_stm32f103xb.o(.text)
    __aeabi_memcpy                           0x080002a1   Thumb Code     0  rt_memcpy_v6.o(.text)
    __rt_memcpy                              0x080002a1   Thumb Code   138  rt_memcpy_v6.o(.text)
    _memcpy_lastbytes                        0x08000307   Thumb Code     0  rt_memcpy_v6.o(.text)
    __aeabi_memcpy4                          0x0800032b   Thumb Code     0  rt_memcpy_w.o(.text)
    __aeabi_memcpy8                          0x0800032b   Thumb Code     0  rt_memcpy_w.o(.text)
    __rt_memcpy_w                            0x0800032b   Thumb Code   100  rt_memcpy_w.o(.text)
    _memcpy_lastbytes_aligned                0x08000373   Thumb Code     0  rt_memcpy_w.o(.text)
    __aeabi_memset                           0x0800038f   Thumb Code    16  aeabi_memset.o(.text)
    __aeabi_memclr4                          0x0800039f   Thumb Code     0  rt_memclr_w.o(.text)
    __aeabi_memclr8                          0x0800039f   Thumb Code     0  rt_memclr_w.o(.text)
    __rt_memclr_w                            0x0800039f   Thumb Code    78  rt_memclr_w.o(.text)
    _memset_w                                0x080003a3   Thumb Code     0  rt_memclr_w.o(.text)
    __use_two_region_memory                  0x080003ed   Thumb Code     2  heapauxi.o(.text)
    __rt_heap_escrow$2region                 0x080003ef   Thumb Code     2  heapauxi.o(.text)
    __rt_heap_expand$2region                 0x080003f1   Thumb Code     2  heapauxi.o(.text)
    __aeabi_memclr                           0x080003f3   Thumb Code     0  rt_memclr.o(.text)
    __rt_memclr                              0x080003f3   Thumb Code    68  rt_memclr.o(.text)
    _memset                                  0x080003f7   Thumb Code     0  rt_memclr.o(.text)
    __user_setup_stackheap                   0x08000437   Thumb Code    74  sys_stackheap_outer.o(.text)
    exit                                     0x08000481   Thumb Code    18  exit.o(.text)
    __user_libspace                          0x08000495   Thumb Code     8  libspace.o(.text)
    __user_perproc_libspace                  0x08000495   Thumb Code     0  libspace.o(.text)
    __user_perthread_libspace                0x08000495   Thumb Code     0  libspace.o(.text)
    _sys_exit                                0x0800049d   Thumb Code     8  sys_exit.o(.text)
    __I$use$semihosting                      0x080004a9   Thumb Code     0  use_no_semi.o(.text)
    __use_no_semihosting_swi                 0x080004a9   Thumb Code     2  use_no_semi.o(.text)
    ADC_ConversionStop_Disable               0x080004ab   Thumb Code    92  stm32f1xx_hal_adc.o(i.ADC_ConversionStop_Disable)
    __semihosting_library_function           0x080004ab   Thumb Code     0  indicate_semi.o(.text)
    ADC_Enable                               0x08000509   Thumb Code   134  stm32f1xx_hal_adc.o(i.ADC_Enable)
    Adc_Init                                 0x08000599   Thumb Code    54  bsp_adc.o(i.Adc_Init)
    BusFault_Handler                         0x080005e1   Thumb Code     4  stm32f1xx_it.o(i.BusFault_Handler)
    Components_Init                          0x080005e5   Thumb Code    20  components.o(i.Components_Init)
    Controller_Init                          0x080005f9   Thumb Code    24  controller.o(i.Controller_Init)
    DMA1_Channel5_IRQHandler                 0x0800061d   Thumb Code    10  stm32f1xx_it.o(i.DMA1_Channel5_IRQHandler)
    DebugMon_Handler                         0x08000659   Thumb Code     2  stm32f1xx_it.o(i.DebugMon_Handler)
    EXTI9_5_IRQHandler                       0x0800065b   Thumb Code    18  stm32f1xx_it.o(i.EXTI9_5_IRQHandler)
    Error_Handler                            0x0800066d   Thumb Code     6  main.o(i.Error_Handler)
    Example_task                             0x08000675   Thumb Code   596  example_task.o(i.Example_task)
    HAL_ADCEx_Calibration_Start              0x080008e9   Thumb Code   276  stm32f1xx_hal_adc_ex.o(i.HAL_ADCEx_Calibration_Start)
    HAL_ADC_ConfigChannel                    0x08000a01   Thumb Code   338  stm32f1xx_hal_adc.o(i.HAL_ADC_ConfigChannel)
    HAL_ADC_GetValue                         0x08000b61   Thumb Code     8  stm32f1xx_hal_adc.o(i.HAL_ADC_GetValue)
    HAL_ADC_Init                             0x08000b69   Thumb Code   314  stm32f1xx_hal_adc.o(i.HAL_ADC_Init)
    HAL_ADC_MspInit                          0x08000cad   Thumb Code    98  adc.o(i.HAL_ADC_MspInit)
    HAL_ADC_PollForConversion                0x08000d1d   Thumb Code   366  stm32f1xx_hal_adc.o(i.HAL_ADC_PollForConversion)
    HAL_ADC_Start                            0x08000e9d   Thumb Code   294  stm32f1xx_hal_adc.o(i.HAL_ADC_Start)
    HAL_DMA_Abort                            0x08000fcd   Thumb Code    86  stm32f1xx_hal_dma.o(i.HAL_DMA_Abort)
    HAL_DMA_Abort_IT                         0x08001025   Thumb Code   172  stm32f1xx_hal_dma.o(i.HAL_DMA_Abort_IT)
    HAL_DMA_IRQHandler                       0x080010d5   Thumb Code   408  stm32f1xx_hal_dma.o(i.HAL_DMA_IRQHandler)
    HAL_DMA_Init                             0x08001271   Thumb Code   100  stm32f1xx_hal_dma.o(i.HAL_DMA_Init)
    HAL_DMA_Start_IT                         0x080012d9   Thumb Code   156  stm32f1xx_hal_dma.o(i.HAL_DMA_Start_IT)
    HAL_Delay                                0x08001375   Thumb Code    36  stm32f1xx_hal.o(i.HAL_Delay)
    HAL_GPIO_EXTI_Callback                   0x0800139d   Thumb Code     2  stm32f1xx_hal_gpio.o(i.HAL_GPIO_EXTI_Callback)
    HAL_GPIO_EXTI_IRQHandler                 0x080013a1   Thumb Code    24  stm32f1xx_hal_gpio.o(i.HAL_GPIO_EXTI_IRQHandler)
    HAL_GPIO_Init                            0x080013bd   Thumb Code   766  stm32f1xx_hal_gpio.o(i.HAL_GPIO_Init)
    HAL_GPIO_WritePin                        0x080016dd   Thumb Code    12  stm32f1xx_hal_gpio.o(i.HAL_GPIO_WritePin)
    HAL_GetTick                              0x080016e9   Thumb Code     6  stm32f1xx_hal.o(i.HAL_GetTick)
    HAL_IncTick                              0x080016f5   Thumb Code    16  stm32f1xx_hal.o(i.HAL_IncTick)
    HAL_Init                                 0x0800170d   Thumb Code    34  stm32f1xx_hal.o(i.HAL_Init)
    HAL_InitTick                             0x08001735   Thumb Code   158  stm32f1xx_hal_timebase_tim.o(i.HAL_InitTick)
    HAL_MspInit                              0x080017e9   Thumb Code    86  stm32f1xx_hal_msp.o(i.HAL_MspInit)
    HAL_NVIC_EnableIRQ                       0x08001849   Thumb Code    32  stm32f1xx_hal_cortex.o(i.HAL_NVIC_EnableIRQ)
    HAL_NVIC_SetPriority                     0x08001869   Thumb Code   124  stm32f1xx_hal_cortex.o(i.HAL_NVIC_SetPriority)
    HAL_NVIC_SetPriorityGrouping             0x080018e5   Thumb Code    32  stm32f1xx_hal_cortex.o(i.HAL_NVIC_SetPriorityGrouping)
    HAL_RCCEx_GetPeriphCLKFreq               0x0800190d   Thumb Code   248  stm32f1xx_hal_rcc_ex.o(i.HAL_RCCEx_GetPeriphCLKFreq)
    HAL_RCCEx_PeriphCLKConfig                0x08001a25   Thumb Code   290  stm32f1xx_hal_rcc_ex.o(i.HAL_RCCEx_PeriphCLKConfig)
    HAL_RCC_ClockConfig                      0x08001b55   Thumb Code   376  stm32f1xx_hal_rcc.o(i.HAL_RCC_ClockConfig)
    HAL_RCC_GetClockConfig                   0x08001ce1   Thumb Code    58  stm32f1xx_hal_rcc.o(i.HAL_RCC_GetClockConfig)
    HAL_RCC_GetHCLKFreq                      0x08001d25   Thumb Code     6  stm32f1xx_hal_rcc.o(i.HAL_RCC_GetHCLKFreq)
    HAL_RCC_GetPCLK1Freq                     0x08001d31   Thumb Code    22  stm32f1xx_hal_rcc.o(i.HAL_RCC_GetPCLK1Freq)
    HAL_RCC_GetPCLK2Freq                     0x08001d51   Thumb Code    22  stm32f1xx_hal_rcc.o(i.HAL_RCC_GetPCLK2Freq)
    HAL_RCC_GetSysClockFreq                  0x08001d71   Thumb Code   116  stm32f1xx_hal_rcc.o(i.HAL_RCC_GetSysClockFreq)
    HAL_RCC_OscConfig                        0x08001e05   Thumb Code  1114  stm32f1xx_hal_rcc.o(i.HAL_RCC_OscConfig)
    HAL_TIMEx_BreakCallback                  0x08002269   Thumb Code     2  stm32f1xx_hal_tim_ex.o(i.HAL_TIMEx_BreakCallback)
    HAL_TIMEx_CommutCallback                 0x0800226b   Thumb Code     2  stm32f1xx_hal_tim_ex.o(i.HAL_TIMEx_CommutCallback)
    HAL_TIMEx_ConfigBreakDeadTime            0x0800226d   Thumb Code   116  stm32f1xx_hal_tim_ex.o(i.HAL_TIMEx_ConfigBreakDeadTime)
    HAL_TIMEx_MasterConfigSynchronization    0x080022e1   Thumb Code   118  stm32f1xx_hal_tim_ex.o(i.HAL_TIMEx_MasterConfigSynchronization)
    HAL_TIM_Base_Init                        0x08002365   Thumb Code   102  stm32f1xx_hal_tim.o(i.HAL_TIM_Base_Init)
    HAL_TIM_Base_MspInit                     0x080023cb   Thumb Code     2  stm32f1xx_hal_tim.o(i.HAL_TIM_Base_MspInit)
    HAL_TIM_Base_Start_IT                    0x080023cd   Thumb Code   106  stm32f1xx_hal_tim.o(i.HAL_TIM_Base_Start_IT)
    HAL_TIM_IC_CaptureCallback               0x08002445   Thumb Code     2  stm32f1xx_hal_tim.o(i.HAL_TIM_IC_CaptureCallback)
    HAL_TIM_IRQHandler                       0x08002447   Thumb Code   406  stm32f1xx_hal_tim.o(i.HAL_TIM_IRQHandler)
    HAL_TIM_MspPostInit                      0x080025dd   Thumb Code   202  tim.o(i.HAL_TIM_MspPostInit)
    HAL_TIM_OC_DelayElapsedCallback          0x080026bd   Thumb Code     2  stm32f1xx_hal_tim.o(i.HAL_TIM_OC_DelayElapsedCallback)
    HAL_TIM_PWM_ConfigChannel                0x080026bf   Thumb Code   252  stm32f1xx_hal_tim.o(i.HAL_TIM_PWM_ConfigChannel)
    HAL_TIM_PWM_Init                         0x080027bb   Thumb Code   102  stm32f1xx_hal_tim.o(i.HAL_TIM_PWM_Init)
    HAL_TIM_PWM_MspInit                      0x08002821   Thumb Code    76  tim.o(i.HAL_TIM_PWM_MspInit)
    HAL_TIM_PWM_PulseFinishedCallback        0x08002875   Thumb Code     2  stm32f1xx_hal_tim.o(i.HAL_TIM_PWM_PulseFinishedCallback)
    HAL_TIM_PWM_Start                        0x08002879   Thumb Code   198  stm32f1xx_hal_tim.o(i.HAL_TIM_PWM_Start)
    HAL_TIM_PeriodElapsedCallback            0x0800294d   Thumb Code    18  main.o(i.HAL_TIM_PeriodElapsedCallback)
    HAL_TIM_TriggerCallback                  0x08002965   Thumb Code     2  stm32f1xx_hal_tim.o(i.HAL_TIM_TriggerCallback)
    HAL_UARTEx_RxEventCallback               0x08002967   Thumb Code     2  stm32f1xx_hal_uart.o(i.HAL_UARTEx_RxEventCallback)
    HAL_UART_ErrorCallback                   0x08002969   Thumb Code     2  stm32f1xx_hal_uart.o(i.HAL_UART_ErrorCallback)
    HAL_UART_IRQHandler                      0x0800296d   Thumb Code   582  stm32f1xx_hal_uart.o(i.HAL_UART_IRQHandler)
    HAL_UART_Init                            0x08002bb9   Thumb Code   114  stm32f1xx_hal_uart.o(i.HAL_UART_Init)
    HAL_UART_MspInit                         0x08002c2d   Thumb Code   208  usart.o(i.HAL_UART_MspInit)
    HAL_UART_Receive_DMA                     0x08002d15   Thumb Code    66  stm32f1xx_hal_uart.o(i.HAL_UART_Receive_DMA)
    HAL_UART_RxCpltCallback                  0x08002d57   Thumb Code     2  stm32f1xx_hal_uart.o(i.HAL_UART_RxCpltCallback)
    HAL_UART_RxHalfCpltCallback              0x08002d59   Thumb Code     2  stm32f1xx_hal_uart.o(i.HAL_UART_RxHalfCpltCallback)
    HAL_UART_TxCpltCallback                  0x08002d5b   Thumb Code     2  stm32f1xx_hal_uart.o(i.HAL_UART_TxCpltCallback)
    HardFault_Handler                        0x08002d5d   Thumb Code     4  stm32f1xx_it.o(i.HardFault_Handler)
    MX_ADC1_Init                             0x08002d61   Thumb Code    82  adc.o(i.MX_ADC1_Init)
    MX_DMA_Init                              0x08002dbd   Thumb Code    48  dma.o(i.MX_DMA_Init)
    MX_FREERTOS_Init                         0x08002df1   Thumb Code    22  freertos.o(i.MX_FREERTOS_Init)
    MX_GPIO_Init                             0x08002e15   Thumb Code   240  gpio.o(i.MX_GPIO_Init)
    MX_TIM1_Init                             0x08002f11   Thumb Code   218  tim.o(i.MX_TIM1_Init)
    MX_TIM2_Init                             0x08002ff5   Thumb Code   168  tim.o(i.MX_TIM2_Init)
    MX_USART1_UART_Init                      0x080030a1   Thumb Code    52  usart.o(i.MX_USART1_UART_Init)
    MemManage_Handler                        0x080030e1   Thumb Code     4  stm32f1xx_it.o(i.MemManage_Handler)
    NMI_Handler                              0x080030e5   Thumb Code     4  stm32f1xx_it.o(i.NMI_Handler)
    PWM_Init                                 0x080030e9   Thumb Code   238  pwm.o(i.PWM_Init)
    PWM_SetDutyRatio                         0x080031e9   Thumb Code    78  pwm.o(i.PWM_SetDutyRatio)
    PWM_SetFrequency                         0x08003239   Thumb Code    24  pwm.o(i.PWM_SetFrequency)
    PWM_SetPulse                             0x08003255   Thumb Code    52  pwm.o(i.PWM_SetPulse)
    PWM_Start                                0x08003289   Thumb Code    14  pwm.o(i.PWM_Start)
    Power_Init                               0x08003299   Thumb Code    16  power.o(i.Power_Init)
    RCDataUnpacker                           0x080032d5   Thumb Code    82  controller.o(i.RCDataUnpacker)
    StartDefaultTask                         0x08003339   Thumb Code    10  freertos.o(i.StartDefaultTask)
    SysTick_Handler                          0x08003345   Thumb Code    46  port.o(i.SysTick_Handler)
    SystemClock_Config                       0x08003379   Thumb Code   132  main.o(i.SystemClock_Config)
    SystemInit                               0x080033fd   Thumb Code     2  system_stm32f1xx.o(i.SystemInit)
    TIM3_IRQHandler                          0x08003401   Thumb Code    10  stm32f1xx_it.o(i.TIM3_IRQHandler)
    TIM_Base_SetConfig                       0x08003411   Thumb Code   104  stm32f1xx_hal_tim.o(i.TIM_Base_SetConfig)
    TIM_CCxChannelCmd                        0x08003485   Thumb Code    34  stm32f1xx_hal_tim.o(i.TIM_CCxChannelCmd)
    TIM_OC2_SetConfig                        0x08003509   Thumb Code   100  stm32f1xx_hal_tim.o(i.TIM_OC2_SetConfig)
    UART_Start_Receive_DMA                   0x08003959   Thumb Code   138  stm32f1xx_hal_uart.o(i.UART_Start_Receive_DMA)
    USART1_IRQHandler                        0x08003a51   Thumb Code   168  stm32f1xx_it.o(i.USART1_IRQHandler)
    UsageFault_Handler                       0x08003b0d   Thumb Code     4  stm32f1xx_it.o(i.UsageFault_Handler)
    User_Init                                0x08003b11   Thumb Code    20  user_main.o(i.User_Init)
    main                                     0x08003c8d   Thumb Code    58  main.o(i.main)
    notifyRCDataUnpacker                     0x08003ccd   Thumb Code    14  controller.o(i.notifyRCDataUnpacker)
    osDelay                                  0x08003ce1   Thumb Code    50  cmsis_os2.o(i.osDelay)
    osKernelGetState                         0x08003d19   Thumb Code    48  cmsis_os2.o(i.osKernelGetState)
    osKernelInitialize                       0x08003d4d   Thumb Code    58  cmsis_os2.o(i.osKernelInitialize)
    osKernelStart                            0x08003d8d   Thumb Code    64  cmsis_os2.o(i.osKernelStart)
    osThreadCreate                           0x08003dd1   Thumb Code   140  os.o(i.osThreadCreate)
    osThreadFlagsSet                         0x08003e71   Thumb Code   142  cmsis_os2.o(i.osThreadFlagsSet)
    osThreadFlagsWait                        0x08003f09   Thumb Code   198  cmsis_os2.o(i.osThreadFlagsWait)
    osThreadNew                              0x08003fd5   Thumb Code   216  cmsis_os2.o(i.osThreadNew)
    pvPortMalloc                             0x08004a7d   Thumb Code   296  heap_4.o(i.pvPortMalloc)
    pxPortInitialiseStack                    0x08004bb9   Thumb Code    30  port.o(i.pxPortInitialiseStack)
    unpackData                               0x08004bdd   Thumb Code   272  controller.o(i.unpackData)
    uxListRemove                             0x08004cf9   Thumb Code    40  list.o(i.uxListRemove)
    vApplicationGetIdleTaskMemory            0x08004d21   Thumb Code    14  cmsis_os2.o(i.vApplicationGetIdleTaskMemory)
    vApplicationGetTimerTaskMemory           0x08004d39   Thumb Code    16  cmsis_os2.o(i.vApplicationGetTimerTaskMemory)
    vListInitialise                          0x08004d51   Thumb Code    26  list.o(i.vListInitialise)
    vListInitialiseItem                      0x08004d6b   Thumb Code     6  list.o(i.vListInitialiseItem)
    vListInsert                              0x08004d71   Thumb Code    52  list.o(i.vListInsert)
    vListInsertEnd                           0x08004da5   Thumb Code    24  list.o(i.vListInsertEnd)
    vPortEnterCritical                       0x08004dbd   Thumb Code    76  port.o(i.vPortEnterCritical)
    vPortExitCritical                        0x08004e11   Thumb Code    56  port.o(i.vPortExitCritical)
    vPortFree                                0x08004e4d   Thumb Code   140  heap_4.o(i.vPortFree)
    vPortSetupTimerInterrupt                 0x08004ee1   Thumb Code    36  port.o(i.vPortSetupTimerInterrupt)
    vPortValidateInterruptPriority           0x08004f09   Thumb Code   106  port.o(i.vPortValidateInterruptPriority)
    vQueueAddToRegistry                      0x08004f81   Thumb Code    38  queue.o(i.vQueueAddToRegistry)
    vQueueWaitForMessageRestricted           0x08004fad   Thumb Code    74  queue.o(i.vQueueWaitForMessageRestricted)
    vTaskDelay                               0x08004ff9   Thumb Code    82  tasks.o(i.vTaskDelay)
    vTaskInternalSetTimeOutState             0x08005055   Thumb Code    14  tasks.o(i.vTaskInternalSetTimeOutState)
    vTaskMissedYield                         0x0800506d   Thumb Code     8  tasks.o(i.vTaskMissedYield)
    vTaskPlaceOnEventList                    0x08005079   Thumb Code    52  tasks.o(i.vTaskPlaceOnEventList)
    vTaskPlaceOnEventListRestricted          0x080050b1   Thumb Code    60  tasks.o(i.vTaskPlaceOnEventListRestricted)
    vTaskStartScheduler                      0x080050f1   Thumb Code   156  tasks.o(i.vTaskStartScheduler)
    vTaskSuspendAll                          0x080051a9   Thumb Code    12  tasks.o(i.vTaskSuspendAll)
    vTaskSwitchContext                       0x080051b9   Thumb Code   122  tasks.o(i.vTaskSwitchContext)
    xPortStartScheduler                      0x08005249   Thumb Code   228  port.o(i.xPortStartScheduler)
    xQueueGenericCreateStatic                0x08005341   Thumb Code   222  queue.o(i.xQueueGenericCreateStatic)
    xQueueGenericReset                       0x08005421   Thumb Code   146  queue.o(i.xQueueGenericReset)
    xQueueGenericSend                        0x080054b9   Thumb Code   420  queue.o(i.xQueueGenericSend)
    xQueueGenericSendFromISR                 0x08005661   Thumb Code   248  queue.o(i.xQueueGenericSendFromISR)
    xQueueReceive                            0x08005759   Thumb Code   356  queue.o(i.xQueueReceive)
    xTaskCheckForTimeOut                     0x080058c1   Thumb Code   132  tasks.o(i.xTaskCheckForTimeOut)
    xTaskCreate                              0x0800594d   Thumb Code   100  tasks.o(i.xTaskCreate)
    xTaskCreateStatic                        0x080059b1   Thumb Code   184  tasks.o(i.xTaskCreateStatic)
    xTaskGenericNotify                       0x08005a69   Thumb Code   240  tasks.o(i.xTaskGenericNotify)
    xTaskGenericNotifyFromISR                0x08005b69   Thumb Code   296  tasks.o(i.xTaskGenericNotifyFromISR)
    xTaskGetSchedulerState                   0x08005ca9   Thumb Code    24  tasks.o(i.xTaskGetSchedulerState)
    xTaskGetTickCount                        0x08005cc9   Thumb Code     6  tasks.o(i.xTaskGetTickCount)
    xTaskIncrementTick                       0x08005cd5   Thumb Code   280  tasks.o(i.xTaskIncrementTick)
    xTaskNotifyWait                          0x08005e19   Thumb Code   150  tasks.o(i.xTaskNotifyWait)
    xTaskPriorityDisinherit                  0x08005eb9   Thumb Code   152  tasks.o(i.xTaskPriorityDisinherit)
    xTaskRemoveFromEventList                 0x08005f5d   Thumb Code   126  tasks.o(i.xTaskRemoveFromEventList)
    xTaskResumeAll                           0x08005ff5   Thumb Code   222  tasks.o(i.xTaskResumeAll)
    xTimerCreateTimerTask                    0x080060f9   Thumb Code   100  timers.o(i.xTimerCreateTimerTask)
    xTimerGenericCommand                     0x08006171   Thumb Code   128  timers.o(i.xTimerGenericCommand)
    __fpl_dcmp_Inf                           0x080061f5   Thumb Code    24  dcmpi.o(x$fpl$dcmpinf)
    __aeabi_cdcmple                          0x0800620d   Thumb Code     0  dleqf.o(x$fpl$dleqf)
    _dcmple                                  0x0800620d   Thumb Code   120  dleqf.o(x$fpl$dleqf)
    __fpl_dcmple_InfNaN                      0x0800626f   Thumb Code     0  dleqf.o(x$fpl$dleqf)
    __fpl_dnaninf                            0x08006285   Thumb Code   156  dnaninf.o(x$fpl$dnaninf)
    __fpl_dretinf                            0x08006321   Thumb Code    12  dretinf.o(x$fpl$dretinf)
    __aeabi_cdrcmple                         0x0800632d   Thumb Code     0  drleqf.o(x$fpl$drleqf)
    _drcmple                                 0x0800632d   Thumb Code   108  drleqf.o(x$fpl$drleqf)
    __aeabi_f2d                              0x08006399   Thumb Code     0  f2d.o(x$fpl$f2d)
    _f2d                                     0x08006399   Thumb Code    86  f2d.o(x$fpl$f2d)
    __aeabi_fadd                             0x080063f1   Thumb Code     0  faddsub_clz.o(x$fpl$fadd)
    _fadd                                    0x080063f1   Thumb Code   196  faddsub_clz.o(x$fpl$fadd)
    __fpl_fcmp_Inf                           0x080064b5   Thumb Code    24  fcmpi.o(x$fpl$fcmpinf)
    __aeabi_fdiv                             0x080064cd   Thumb Code     0  fdiv.o(x$fpl$fdiv)
    _fdiv                                    0x080064cd   Thumb Code   384  fdiv.o(x$fpl$fdiv)
    __aeabi_f2uiz                            0x08006651   Thumb Code     0  ffixu.o(x$fpl$ffixu)
    _ffixu                                   0x08006651   Thumb Code    62  ffixu.o(x$fpl$ffixu)
    __aeabi_i2f                              0x08006691   Thumb Code     0  fflt_clz.o(x$fpl$fflt)
    _fflt                                    0x08006691   Thumb Code    48  fflt_clz.o(x$fpl$fflt)
    __aeabi_ui2f                             0x080066c1   Thumb Code     0  fflt_clz.o(x$fpl$ffltu)
    _ffltu                                   0x080066c1   Thumb Code    38  fflt_clz.o(x$fpl$ffltu)
    __aeabi_cfcmple                          0x080066e9   Thumb Code     0  fleqf.o(x$fpl$fleqf)
    _fcmple                                  0x080066e9   Thumb Code   104  fleqf.o(x$fpl$fleqf)
    __fpl_fcmple_InfNaN                      0x0800673b   Thumb Code     0  fleqf.o(x$fpl$fleqf)
    __aeabi_fmul                             0x08006751   Thumb Code     0  fmul.o(x$fpl$fmul)
    _fmul                                    0x08006751   Thumb Code   258  fmul.o(x$fpl$fmul)
    __fpl_fnaninf                            0x08006853   Thumb Code   140  fnaninf.o(x$fpl$fnaninf)
    __fpl_fretinf                            0x080068df   Thumb Code    10  fretinf.o(x$fpl$fretinf)
    __aeabi_cfrcmple                         0x080068e9   Thumb Code     0  frleqf.o(x$fpl$frleqf)
    _frcmple                                 0x080068e9   Thumb Code    98  frleqf.o(x$fpl$frleqf)
    __aeabi_fsub                             0x0800694d   Thumb Code     0  faddsub_clz.o(x$fpl$fsub)
    _fsub                                    0x0800694d   Thumb Code   234  faddsub_clz.o(x$fpl$fsub)
    __I$use$fp                               0x08006a36   Number         0  usenofp.o(x$fpl$usenofp)
    defaultTask_attributes                   0x08006a38   Data          36  freertos.o(.constdata)
    AHBPrescTable                            0x08006a5c   Data          16  system_stm32f1xx.o(.constdata)
    APBPrescTable                            0x08006a6c   Data           8  system_stm32f1xx.o(.constdata)
    Region$$Table$$Base                      0x08006ab4   Number         0  anon$$obj.o(Region$$Table)
    Region$$Table$$Limit                     0x08006ad4   Number         0  anon$$obj.o(Region$$Table)
    defaultTaskHandle                        0x20000000   Data           4  freertos.o(.data)
    uwTick                                   0x20000004   Data           4  stm32f1xx_hal.o(.data)
    uwTickPrio                               0x20000008   Data           4  stm32f1xx_hal.o(.data)
    uwTickFreq                               0x2000000c   Data           1  stm32f1xx_hal.o(.data)
    SystemCoreClock                          0x20000010   Data           4  system_stm32f1xx.o(.data)
    pxCurrentTCB                             0x20000014   Data           4  tasks.o(.data)
    _lastRCPacketTime                        0x2000008c   Data           4  controller.o(.data)
    unpackerId                               0x20000090   Data           4  controller.o(.data)
    pwm1                                     0x20000098   Data         100  pwm.o(.data)
    pwm2                                     0x200000fc   Data         100  pwm.o(.data)
    pwm1End                                  0x20000160   Data           4  pwm.o(.data)
    pwm2End                                  0x20000164   Data           4  pwm.o(.data)
    hadc1                                    0x20000168   Data          48  adc.o(.bss)
    htim1                                    0x20000198   Data          72  tim.o(.bss)
    htim2                                    0x200001e0   Data          72  tim.o(.bss)
    huart1                                   0x20000228   Data          68  usart.o(.bss)
    hdma_usart1_rx                           0x2000026c   Data          68  usart.o(.bss)
    htim3                                    0x200002b0   Data          72  stm32f1xx_hal_timebase_tim.o(.bss)
    xQueueRegistry                           0x200002f8   Data          64  queue.o(.bss)
    control                                  0x20001bcc   Data          32  controller.o(.bss)
    rc_buf                                   0x20001bec   Data          40  controller.o(.bss)
    adc_data                                 0x200041d8   Data          48  bsp_adc.o(.bss)
    __libspace_start                         0x20004214   Data          96  libspace.o(.bss)
    __temporary_stack_top$libspace           0x20004274   Data           0  libspace.o(.bss)



==============================================================================

Memory Map of the image

  Image Entry point : 0x080000ed

  Load Region LR_IROM1 (Base: 0x08000000, Size: 0x00006c3c, Max: 0x00010000, ABSOLUTE, COMPRESSED[0x00006b10])

    Execution Region ER_IROM1 (Exec base: 0x08000000, Load base: 0x08000000, Size: 0x00006ad4, Max: 0x00010000, ABSOLUTE)

    Exec Addr    Load Addr    Size         Type   Attr      Idx    E Section Name        Object

    0x08000000   0x08000000   0x000000ec   Data   RO            3    RESET               startup_stm32f103xb.o
    0x080000ec   0x080000ec   0x00000008   Code   RO         5312  * !!!main             c_w.l(__main.o)
    0x080000f4   0x080000f4   0x00000034   Code   RO         5530    !!!scatter          c_w.l(__scatter.o)
    0x08000128   0x08000128   0x0000005a   Code   RO         5528    !!dczerorl2         c_w.l(__dczerorl2.o)
    0x08000182   0x08000182   0x00000002   PAD
    0x08000184   0x08000184   0x0000001c   Code   RO         5532    !!handler_zi        c_w.l(__scatter_zi.o)
    0x080001a0   0x080001a0   0x00000002   Code   RO         5396    .ARM.Collect$$libinit$$00000000  c_w.l(libinit.o)
    0x080001a2   0x080001a2   0x00000000   Code   RO         5403    .ARM.Collect$$libinit$$00000002  c_w.l(libinit2.o)
    0x080001a2   0x080001a2   0x00000000   Code   RO         5405    .ARM.Collect$$libinit$$00000004  c_w.l(libinit2.o)
    0x080001a2   0x080001a2   0x00000000   Code   RO         5408    .ARM.Collect$$libinit$$0000000A  c_w.l(libinit2.o)
    0x080001a2   0x080001a2   0x00000000   Code   RO         5410    .ARM.Collect$$libinit$$0000000C  c_w.l(libinit2.o)
    0x080001a2   0x080001a2   0x00000000   Code   RO         5412    .ARM.Collect$$libinit$$0000000E  c_w.l(libinit2.o)
    0x080001a2   0x080001a2   0x00000000   Code   RO         5415    .ARM.Collect$$libinit$$00000011  c_w.l(libinit2.o)
    0x080001a2   0x080001a2   0x00000000   Code   RO         5417    .ARM.Collect$$libinit$$00000013  c_w.l(libinit2.o)
    0x080001a2   0x080001a2   0x00000000   Code   RO         5419    .ARM.Collect$$libinit$$00000015  c_w.l(libinit2.o)
    0x080001a2   0x080001a2   0x00000000   Code   RO         5421    .ARM.Collect$$libinit$$00000017  c_w.l(libinit2.o)
    0x080001a2   0x080001a2   0x00000000   Code   RO         5423    .ARM.Collect$$libinit$$00000019  c_w.l(libinit2.o)
    0x080001a2   0x080001a2   0x00000000   Code   RO         5425    .ARM.Collect$$libinit$$0000001B  c_w.l(libinit2.o)
    0x080001a2   0x080001a2   0x00000000   Code   RO         5427    .ARM.Collect$$libinit$$0000001D  c_w.l(libinit2.o)
    0x080001a2   0x080001a2   0x00000000   Code   RO         5429    .ARM.Collect$$libinit$$0000001F  c_w.l(libinit2.o)
    0x080001a2   0x080001a2   0x00000000   Code   RO         5431    .ARM.Collect$$libinit$$00000021  c_w.l(libinit2.o)
    0x080001a2   0x080001a2   0x00000000   Code   RO         5433    .ARM.Collect$$libinit$$00000023  c_w.l(libinit2.o)
    0x080001a2   0x080001a2   0x00000000   Code   RO         5435    .ARM.Collect$$libinit$$00000025  c_w.l(libinit2.o)
    0x080001a2   0x080001a2   0x00000000   Code   RO         5439    .ARM.Collect$$libinit$$0000002C  c_w.l(libinit2.o)
    0x080001a2   0x080001a2   0x00000000   Code   RO         5441    .ARM.Collect$$libinit$$0000002E  c_w.l(libinit2.o)
    0x080001a2   0x080001a2   0x00000000   Code   RO         5443    .ARM.Collect$$libinit$$00000030  c_w.l(libinit2.o)
    0x080001a2   0x080001a2   0x00000000   Code   RO         5445    .ARM.Collect$$libinit$$00000032  c_w.l(libinit2.o)
    0x080001a2   0x080001a2   0x00000002   Code   RO         5446    .ARM.Collect$$libinit$$00000033  c_w.l(libinit2.o)
    0x080001a4   0x080001a4   0x00000002   Code   RO         5466    .ARM.Collect$$libshutdown$$00000000  c_w.l(libshutdown.o)
    0x080001a6   0x080001a6   0x00000000   Code   RO         5479    .ARM.Collect$$libshutdown$$00000002  c_w.l(libshutdown2.o)
    0x080001a6   0x080001a6   0x00000000   Code   RO         5481    .ARM.Collect$$libshutdown$$00000004  c_w.l(libshutdown2.o)
    0x080001a6   0x080001a6   0x00000000   Code   RO         5483    .ARM.Collect$$libshutdown$$00000006  c_w.l(libshutdown2.o)
    0x080001a6   0x080001a6   0x00000000   Code   RO         5486    .ARM.Collect$$libshutdown$$00000009  c_w.l(libshutdown2.o)
    0x080001a6   0x080001a6   0x00000000   Code   RO         5489    .ARM.Collect$$libshutdown$$0000000C  c_w.l(libshutdown2.o)
    0x080001a6   0x080001a6   0x00000000   Code   RO         5491    .ARM.Collect$$libshutdown$$0000000E  c_w.l(libshutdown2.o)
    0x080001a6   0x080001a6   0x00000000   Code   RO         5494    .ARM.Collect$$libshutdown$$00000011  c_w.l(libshutdown2.o)
    0x080001a6   0x080001a6   0x00000002   Code   RO         5495    .ARM.Collect$$libshutdown$$00000012  c_w.l(libshutdown2.o)
    0x080001a8   0x080001a8   0x00000000   Code   RO         5356    .ARM.Collect$$rtentry$$00000000  c_w.l(__rtentry.o)
    0x080001a8   0x080001a8   0x00000000   Code   RO         5373    .ARM.Collect$$rtentry$$00000002  c_w.l(__rtentry2.o)
    0x080001a8   0x080001a8   0x00000006   Code   RO         5385    .ARM.Collect$$rtentry$$00000004  c_w.l(__rtentry4.o)
    0x080001ae   0x080001ae   0x00000000   Code   RO         5375    .ARM.Collect$$rtentry$$00000009  c_w.l(__rtentry2.o)
    0x080001ae   0x080001ae   0x00000004   Code   RO         5376    .ARM.Collect$$rtentry$$0000000A  c_w.l(__rtentry2.o)
    0x080001b2   0x080001b2   0x00000000   Code   RO         5378    .ARM.Collect$$rtentry$$0000000C  c_w.l(__rtentry2.o)
    0x080001b2   0x080001b2   0x00000008   Code   RO         5379    .ARM.Collect$$rtentry$$0000000D  c_w.l(__rtentry2.o)
    0x080001ba   0x080001ba   0x00000002   Code   RO         5400    .ARM.Collect$$rtexit$$00000000  c_w.l(rtexit.o)
    0x080001bc   0x080001bc   0x00000000   Code   RO         5448    .ARM.Collect$$rtexit$$00000002  c_w.l(rtexit2.o)
    0x080001bc   0x080001bc   0x00000004   Code   RO         5449    .ARM.Collect$$rtexit$$00000003  c_w.l(rtexit2.o)
    0x080001c0   0x080001c0   0x00000006   Code   RO         5450    .ARM.Collect$$rtexit$$00000004  c_w.l(rtexit2.o)
    0x080001c6   0x080001c6   0x00000002   PAD
    0x080001c8   0x080001c8   0x00000096   Code   RO         4889    .emb_text           port.o
    0x0800025e   0x0800025e   0x00000002   PAD
    0x08000260   0x08000260   0x00000040   Code   RO            4    .text               startup_stm32f103xb.o
    0x080002a0   0x080002a0   0x0000008a   Code   RO         5300    .text               c_w.l(rt_memcpy_v6.o)
    0x0800032a   0x0800032a   0x00000064   Code   RO         5302    .text               c_w.l(rt_memcpy_w.o)
    0x0800038e   0x0800038e   0x00000010   Code   RO         5306    .text               c_w.l(aeabi_memset.o)
    0x0800039e   0x0800039e   0x0000004e   Code   RO         5308    .text               c_w.l(rt_memclr_w.o)
    0x080003ec   0x080003ec   0x00000006   Code   RO         5310    .text               c_w.l(heapauxi.o)
    0x080003f2   0x080003f2   0x00000044   Code   RO         5357    .text               c_w.l(rt_memclr.o)
    0x08000436   0x08000436   0x0000004a   Code   RO         5387    .text               c_w.l(sys_stackheap_outer.o)
    0x08000480   0x08000480   0x00000012   Code   RO         5389    .text               c_w.l(exit.o)
    0x08000492   0x08000492   0x00000002   PAD
    0x08000494   0x08000494   0x00000008   Code   RO         5397    .text               c_w.l(libspace.o)
    0x0800049c   0x0800049c   0x0000000c   Code   RO         5458    .text               c_w.l(sys_exit.o)
    0x080004a8   0x080004a8   0x00000002   Code   RO         5469    .text               c_w.l(use_no_semi.o)
    0x080004aa   0x080004aa   0x00000000   Code   RO         5471    .text               c_w.l(indicate_semi.o)
    0x080004aa   0x080004aa   0x0000005c   Code   RO          634    i.ADC_ConversionStop_Disable  stm32f1xx_hal_adc.o
    0x08000506   0x08000506   0x00000002   PAD
    0x08000508   0x08000508   0x00000090   Code   RO          638    i.ADC_Enable        stm32f1xx_hal_adc.o
    0x08000598   0x08000598   0x00000048   Code   RO         5165    i.Adc_Init          bsp_adc.o
    0x080005e0   0x080005e0   0x00000004   Code   RO          453    i.BusFault_Handler  stm32f1xx_it.o
    0x080005e4   0x080005e4   0x00000014   Code   RO         5064    i.Components_Init   components.o
    0x080005f8   0x080005f8   0x00000024   Code   RO         4969    i.Controller_Init   controller.o
    0x0800061c   0x0800061c   0x00000010   Code   RO          454    i.DMA1_Channel5_IRQHandler  stm32f1xx_it.o
    0x0800062c   0x0800062c   0x0000002c   Code   RO         1293    i.DMA_SetConfig     stm32f1xx_hal_dma.o
    0x08000658   0x08000658   0x00000002   Code   RO          455    i.DebugMon_Handler  stm32f1xx_it.o
    0x0800065a   0x0800065a   0x00000012   Code   RO          456    i.EXTI9_5_IRQHandler  stm32f1xx_it.o
    0x0800066c   0x0800066c   0x00000006   Code   RO           13    i.Error_Handler     main.o
    0x08000672   0x08000672   0x00000002   PAD
    0x08000674   0x08000674   0x00000274   Code   RO         5275    i.Example_task      example_task.o
    0x080008e8   0x080008e8   0x00000118   Code   RO          814    i.HAL_ADCEx_Calibration_Start  stm32f1xx_hal_adc_ex.o
    0x08000a00   0x08000a00   0x00000160   Code   RO          640    i.HAL_ADC_ConfigChannel  stm32f1xx_hal_adc.o
    0x08000b60   0x08000b60   0x00000008   Code   RO          647    i.HAL_ADC_GetValue  stm32f1xx_hal_adc.o
    0x08000b68   0x08000b68   0x00000144   Code   RO          649    i.HAL_ADC_Init      stm32f1xx_hal_adc.o
    0x08000cac   0x08000cac   0x00000070   Code   RO          292    i.HAL_ADC_MspInit   adc.o
    0x08000d1c   0x08000d1c   0x00000180   Code   RO          653    i.HAL_ADC_PollForConversion  stm32f1xx_hal_adc.o
    0x08000e9c   0x08000e9c   0x00000130   Code   RO          655    i.HAL_ADC_Start     stm32f1xx_hal_adc.o
    0x08000fcc   0x08000fcc   0x00000056   Code   RO         1294    i.HAL_DMA_Abort     stm32f1xx_hal_dma.o
    0x08001022   0x08001022   0x00000002   PAD
    0x08001024   0x08001024   0x000000b0   Code   RO         1295    i.HAL_DMA_Abort_IT  stm32f1xx_hal_dma.o
    0x080010d4   0x080010d4   0x0000019c   Code   RO         1299    i.HAL_DMA_IRQHandler  stm32f1xx_hal_dma.o
    0x08001270   0x08001270   0x00000068   Code   RO         1300    i.HAL_DMA_Init      stm32f1xx_hal_dma.o
    0x080012d8   0x080012d8   0x0000009c   Code   RO         1304    i.HAL_DMA_Start_IT  stm32f1xx_hal_dma.o
    0x08001374   0x08001374   0x00000028   Code   RO          917    i.HAL_Delay         stm32f1xx_hal.o
    0x0800139c   0x0800139c   0x00000002   Code   RO         1228    i.HAL_GPIO_EXTI_Callback  stm32f1xx_hal_gpio.o
    0x0800139e   0x0800139e   0x00000002   PAD
    0x080013a0   0x080013a0   0x0000001c   Code   RO         1229    i.HAL_GPIO_EXTI_IRQHandler  stm32f1xx_hal_gpio.o
    0x080013bc   0x080013bc   0x00000320   Code   RO         1230    i.HAL_GPIO_Init     stm32f1xx_hal_gpio.o
    0x080016dc   0x080016dc   0x0000000c   Code   RO         1234    i.HAL_GPIO_WritePin  stm32f1xx_hal_gpio.o
    0x080016e8   0x080016e8   0x0000000c   Code   RO          921    i.HAL_GetTick       stm32f1xx_hal.o
    0x080016f4   0x080016f4   0x00000018   Code   RO          927    i.HAL_IncTick       stm32f1xx_hal.o
    0x0800170c   0x0800170c   0x00000028   Code   RO          928    i.HAL_Init          stm32f1xx_hal.o
    0x08001734   0x08001734   0x000000b4   Code   RO          559    i.HAL_InitTick      stm32f1xx_hal_timebase_tim.o
    0x080017e8   0x080017e8   0x00000060   Code   RO          535    i.HAL_MspInit       stm32f1xx_hal_msp.o
    0x08001848   0x08001848   0x00000020   Code   RO         1390    i.HAL_NVIC_EnableIRQ  stm32f1xx_hal_cortex.o
    0x08001868   0x08001868   0x0000007c   Code   RO         1396    i.HAL_NVIC_SetPriority  stm32f1xx_hal_cortex.o
    0x080018e4   0x080018e4   0x00000028   Code   RO         1397    i.HAL_NVIC_SetPriorityGrouping  stm32f1xx_hal_cortex.o
    0x0800190c   0x0800190c   0x00000118   Code   RO         1192    i.HAL_RCCEx_GetPeriphCLKFreq  stm32f1xx_hal_rcc_ex.o
    0x08001a24   0x08001a24   0x00000130   Code   RO         1193    i.HAL_RCCEx_PeriphCLKConfig  stm32f1xx_hal_rcc_ex.o
    0x08001b54   0x08001b54   0x0000018c   Code   RO         1085    i.HAL_RCC_ClockConfig  stm32f1xx_hal_rcc.o
    0x08001ce0   0x08001ce0   0x00000044   Code   RO         1089    i.HAL_RCC_GetClockConfig  stm32f1xx_hal_rcc.o
    0x08001d24   0x08001d24   0x0000000c   Code   RO         1090    i.HAL_RCC_GetHCLKFreq  stm32f1xx_hal_rcc.o
    0x08001d30   0x08001d30   0x00000020   Code   RO         1092    i.HAL_RCC_GetPCLK1Freq  stm32f1xx_hal_rcc.o
    0x08001d50   0x08001d50   0x00000020   Code   RO         1093    i.HAL_RCC_GetPCLK2Freq  stm32f1xx_hal_rcc.o
    0x08001d70   0x08001d70   0x00000094   Code   RO         1094    i.HAL_RCC_GetSysClockFreq  stm32f1xx_hal_rcc.o
    0x08001e04   0x08001e04   0x00000464   Code   RO         1097    i.HAL_RCC_OscConfig  stm32f1xx_hal_rcc.o
    0x08002268   0x08002268   0x00000002   Code   RO         2633    i.HAL_TIMEx_BreakCallback  stm32f1xx_hal_tim_ex.o
    0x0800226a   0x0800226a   0x00000002   Code   RO         2634    i.HAL_TIMEx_CommutCallback  stm32f1xx_hal_tim_ex.o
    0x0800226c   0x0800226c   0x00000074   Code   RO         2636    i.HAL_TIMEx_ConfigBreakDeadTime  stm32f1xx_hal_tim_ex.o
    0x080022e0   0x080022e0   0x00000084   Code   RO         2652    i.HAL_TIMEx_MasterConfigSynchronization  stm32f1xx_hal_tim_ex.o
    0x08002364   0x08002364   0x00000066   Code   RO         1918    i.HAL_TIM_Base_Init  stm32f1xx_hal_tim.o
    0x080023ca   0x080023ca   0x00000002   Code   RO         1920    i.HAL_TIM_Base_MspInit  stm32f1xx_hal_tim.o
    0x080023cc   0x080023cc   0x00000078   Code   RO         1923    i.HAL_TIM_Base_Start_IT  stm32f1xx_hal_tim.o
    0x08002444   0x08002444   0x00000002   Code   RO         1952    i.HAL_TIM_IC_CaptureCallback  stm32f1xx_hal_tim.o
    0x08002446   0x08002446   0x00000196   Code   RO         1966    i.HAL_TIM_IRQHandler  stm32f1xx_hal_tim.o
    0x080025dc   0x080025dc   0x000000e0   Code   RO          357    i.HAL_TIM_MspPostInit  tim.o
    0x080026bc   0x080026bc   0x00000002   Code   RO         1969    i.HAL_TIM_OC_DelayElapsedCallback  stm32f1xx_hal_tim.o
    0x080026be   0x080026be   0x000000fc   Code   RO         1990    i.HAL_TIM_PWM_ConfigChannel  stm32f1xx_hal_tim.o
    0x080027ba   0x080027ba   0x00000066   Code   RO         1993    i.HAL_TIM_PWM_Init  stm32f1xx_hal_tim.o
    0x08002820   0x08002820   0x00000054   Code   RO          359    i.HAL_TIM_PWM_MspInit  tim.o
    0x08002874   0x08002874   0x00000002   Code   RO         1996    i.HAL_TIM_PWM_PulseFinishedCallback  stm32f1xx_hal_tim.o
    0x08002876   0x08002876   0x00000002   PAD
    0x08002878   0x08002878   0x000000d4   Code   RO         1998    i.HAL_TIM_PWM_Start  stm32f1xx_hal_tim.o
    0x0800294c   0x0800294c   0x00000018   Code   RO           14    i.HAL_TIM_PeriodElapsedCallback  main.o
    0x08002964   0x08002964   0x00000002   Code   RO         2009    i.HAL_TIM_TriggerCallback  stm32f1xx_hal_tim.o
    0x08002966   0x08002966   0x00000002   Code   RO         2911    i.HAL_UARTEx_RxEventCallback  stm32f1xx_hal_uart.o
    0x08002968   0x08002968   0x00000002   Code   RO         2925    i.HAL_UART_ErrorCallback  stm32f1xx_hal_uart.o
    0x0800296a   0x0800296a   0x00000002   PAD
    0x0800296c   0x0800296c   0x0000024c   Code   RO         2928    i.HAL_UART_IRQHandler  stm32f1xx_hal_uart.o
    0x08002bb8   0x08002bb8   0x00000072   Code   RO         2929    i.HAL_UART_Init     stm32f1xx_hal_uart.o
    0x08002c2a   0x08002c2a   0x00000002   PAD
    0x08002c2c   0x08002c2c   0x000000e8   Code   RO          412    i.HAL_UART_MspInit  usart.o
    0x08002d14   0x08002d14   0x00000042   Code   RO         2933    i.HAL_UART_Receive_DMA  stm32f1xx_hal_uart.o
    0x08002d56   0x08002d56   0x00000002   Code   RO         2935    i.HAL_UART_RxCpltCallback  stm32f1xx_hal_uart.o
    0x08002d58   0x08002d58   0x00000002   Code   RO         2936    i.HAL_UART_RxHalfCpltCallback  stm32f1xx_hal_uart.o
    0x08002d5a   0x08002d5a   0x00000002   Code   RO         2940    i.HAL_UART_TxCpltCallback  stm32f1xx_hal_uart.o
    0x08002d5c   0x08002d5c   0x00000004   Code   RO          457    i.HardFault_Handler  stm32f1xx_it.o
    0x08002d60   0x08002d60   0x0000005c   Code   RO          293    i.MX_ADC1_Init      adc.o
    0x08002dbc   0x08002dbc   0x00000034   Code   RO          333    i.MX_DMA_Init       dma.o
    0x08002df0   0x08002df0   0x00000024   Code   RO          239    i.MX_FREERTOS_Init  freertos.o
    0x08002e14   0x08002e14   0x000000fc   Code   RO          215    i.MX_GPIO_Init      gpio.o
    0x08002f10   0x08002f10   0x000000e4   Code   RO          360    i.MX_TIM1_Init      tim.o
    0x08002ff4   0x08002ff4   0x000000ac   Code   RO          361    i.MX_TIM2_Init      tim.o
    0x080030a0   0x080030a0   0x00000040   Code   RO          413    i.MX_USART1_UART_Init  usart.o
    0x080030e0   0x080030e0   0x00000004   Code   RO          458    i.MemManage_Handler  stm32f1xx_it.o
    0x080030e4   0x080030e4   0x00000004   Code   RO          459    i.NMI_Handler       stm32f1xx_it.o
    0x080030e8   0x080030e8   0x00000100   Code   RO         5093    i.PWM_Init          pwm.o
    0x080031e8   0x080031e8   0x0000004e   Code   RO         5094    i.PWM_SetDutyRatio  pwm.o
    0x08003236   0x08003236   0x00000002   PAD
    0x08003238   0x08003238   0x0000001c   Code   RO         5095    i.PWM_SetFrequency  pwm.o
    0x08003254   0x08003254   0x00000034   Code   RO         5149    i.PWM_SetPulse      pwm.o
    0x08003288   0x08003288   0x0000000e   Code   RO         5097    i.PWM_Start         pwm.o
    0x08003296   0x08003296   0x00000002   PAD
    0x08003298   0x08003298   0x00000014   Code   RO         5212    i.Power_Init        power.o
    0x080032ac   0x080032ac   0x00000028   Code   RO         1098    i.RCC_Delay         stm32f1xx_hal_rcc.o
    0x080032d4   0x080032d4   0x00000064   Code   RO         4970    i.RCDataUnpacker    controller.o
    0x08003338   0x08003338   0x0000000a   Code   RO          240    i.StartDefaultTask  freertos.o
    0x08003342   0x08003342   0x00000002   PAD
    0x08003344   0x08003344   0x00000034   Code   RO         4890    i.SysTick_Handler   port.o
    0x08003378   0x08003378   0x00000084   Code   RO           15    i.SystemClock_Config  main.o
    0x080033fc   0x080033fc   0x00000002   Code   RO         3268    i.SystemInit        system_stm32f1xx.o
    0x080033fe   0x080033fe   0x00000002   PAD
    0x08003400   0x08003400   0x00000010   Code   RO          460    i.TIM3_IRQHandler   stm32f1xx_it.o
    0x08003410   0x08003410   0x00000074   Code   RO         2011    i.TIM_Base_SetConfig  stm32f1xx_hal_tim.o
    0x08003484   0x08003484   0x00000022   Code   RO         2012    i.TIM_CCxChannelCmd  stm32f1xx_hal_tim.o
    0x080034a6   0x080034a6   0x00000002   PAD
    0x080034a8   0x080034a8   0x00000060   Code   RO         2024    i.TIM_OC1_SetConfig  stm32f1xx_hal_tim.o
    0x08003508   0x08003508   0x00000068   Code   RO         2025    i.TIM_OC2_SetConfig  stm32f1xx_hal_tim.o
    0x08003570   0x08003570   0x00000068   Code   RO         2026    i.TIM_OC3_SetConfig  stm32f1xx_hal_tim.o
    0x080035d8   0x080035d8   0x00000048   Code   RO         2027    i.TIM_OC4_SetConfig  stm32f1xx_hal_tim.o
    0x08003620   0x08003620   0x00000014   Code   RO         2942    i.UART_DMAAbortOnError  stm32f1xx_hal_uart.o
    0x08003634   0x08003634   0x00000050   Code   RO         2943    i.UART_DMAError     stm32f1xx_hal_uart.o
    0x08003684   0x08003684   0x00000068   Code   RO         2944    i.UART_DMAReceiveCplt  stm32f1xx_hal_uart.o
    0x080036ec   0x080036ec   0x00000020   Code   RO         2946    i.UART_DMARxHalfCplt  stm32f1xx_hal_uart.o
    0x0800370c   0x0800370c   0x00000036   Code   RO         2952    i.UART_EndRxTransfer  stm32f1xx_hal_uart.o
    0x08003742   0x08003742   0x00000020   Code   RO         2953    i.UART_EndTransmit_IT  stm32f1xx_hal_uart.o
    0x08003762   0x08003762   0x00000014   Code   RO         2954    i.UART_EndTxTransfer  stm32f1xx_hal_uart.o
    0x08003776   0x08003776   0x000000e4   Code   RO         2955    i.UART_Receive_IT   stm32f1xx_hal_uart.o
    0x0800385a   0x0800385a   0x00000002   PAD
    0x0800385c   0x0800385c   0x000000fc   Code   RO         2956    i.UART_SetConfig    stm32f1xx_hal_uart.o
    0x08003958   0x08003958   0x00000098   Code   RO         2957    i.UART_Start_Receive_DMA  stm32f1xx_hal_uart.o
    0x080039f0   0x080039f0   0x00000060   Code   RO         2959    i.UART_Transmit_IT  stm32f1xx_hal_uart.o
    0x08003a50   0x08003a50   0x000000bc   Code   RO          461    i.USART1_IRQHandler  stm32f1xx_it.o
    0x08003b0c   0x08003b0c   0x00000004   Code   RO          462    i.UsageFault_Handler  stm32f1xx_it.o
    0x08003b10   0x08003b10   0x00000020   Code   RO         5248    i.User_Init         user_main.o
    0x08003b30   0x08003b30   0x00000010   Code   RO         1403    i.__NVIC_GetPriorityGrouping  stm32f1xx_hal_cortex.o
    0x08003b40   0x08003b40   0x00000028   Code   RO         1404    i.__NVIC_SetPriority  stm32f1xx_hal_cortex.o
    0x08003b68   0x08003b68   0x00000006   Code   RO         4404    i.__get_BASEPRI     cmsis_os2.o
    0x08003b6e   0x08003b6e   0x00000006   Code   RO         4405    i.__get_IPSR        cmsis_os2.o
    0x08003b74   0x08003b74   0x00000006   Code   RO         4406    i.__get_PRIMASK     cmsis_os2.o
    0x08003b7a   0x08003b7a   0x00000002   PAD
    0x08003b7c   0x08003b7c   0x00000054   Code   RO         5166    i.adc1_get_value    bsp_adc.o
    0x08003bd0   0x08003bd0   0x00000098   Code   RO         5167    i.adcx_get_chx_value  bsp_adc.o
    0x08003c68   0x08003c68   0x00000024   Code   RO         4971    i.avoid_deadzone_float  controller.o
    0x08003c8c   0x08003c8c   0x00000040   Code   RO           16    i.main              main.o
    0x08003ccc   0x08003ccc   0x00000014   Code   RO         4972    i.notifyRCDataUnpacker  controller.o
    0x08003ce0   0x08003ce0   0x00000038   Code   RO         4407    i.osDelay           cmsis_os2.o
    0x08003d18   0x08003d18   0x00000034   Code   RO         4416    i.osKernelGetState  cmsis_os2.o
    0x08003d4c   0x08003d4c   0x00000040   Code   RO         4421    i.osKernelInitialize  cmsis_os2.o
    0x08003d8c   0x08003d8c   0x00000044   Code   RO         4424    i.osKernelStart     cmsis_os2.o
    0x08003dd0   0x08003dd0   0x000000a0   Code   RO         5028    i.osThreadCreate    os.o
    0x08003e70   0x08003e70   0x00000098   Code   RO         4449    i.osThreadFlagsSet  cmsis_os2.o
    0x08003f08   0x08003f08   0x000000cc   Code   RO         4450    i.osThreadFlagsWait  cmsis_os2.o
    0x08003fd4   0x08003fd4   0x000000dc   Code   RO         4458    i.osThreadNew       cmsis_os2.o
    0x080040b0   0x080040b0   0x0000007c   Code   RO         3879    i.prvAddCurrentTaskToDelayedList  tasks.o
    0x0800412c   0x0800412c   0x000000b8   Code   RO         3880    i.prvAddNewTaskToReadyList  tasks.o
    0x080041e4   0x080041e4   0x00000074   Code   RO         4240    i.prvCheckForValidListAndQueue  timers.o
    0x08004258   0x08004258   0x00000048   Code   RO         3881    i.prvCheckTasksWaitingTermination  tasks.o
    0x080042a0   0x080042a0   0x0000002a   Code   RO         3472    i.prvCopyDataFromQueue  queue.o
    0x080042ca   0x080042ca   0x0000007c   Code   RO         3473    i.prvCopyDataToQueue  queue.o
    0x08004346   0x08004346   0x00000050   Code   RO         3882    i.prvDeleteTCB      tasks.o
    0x08004396   0x08004396   0x00000002   PAD
    0x08004398   0x08004398   0x00000028   Code   RO         4241    i.prvGetNextExpireTime  timers.o
    0x080043c0   0x080043c0   0x0000007c   Code   RO         4840    i.prvHeapInit       heap_4.o
    0x0800443c   0x0800443c   0x00000028   Code   RO         3883    i.prvIdleTask       tasks.o
    0x08004464   0x08004464   0x0000002a   Code   RO         3476    i.prvInitialiseNewQueue  queue.o
    0x0800448e   0x0800448e   0x000000b4   Code   RO         3884    i.prvInitialiseNewTask  tasks.o
    0x08004542   0x08004542   0x00000002   PAD
    0x08004544   0x08004544   0x00000068   Code   RO         3885    i.prvInitialiseTaskLists  tasks.o
    0x080045ac   0x080045ac   0x00000068   Code   RO         4841    i.prvInsertBlockIntoFreeList  heap_4.o
    0x08004614   0x08004614   0x00000058   Code   RO         4243    i.prvInsertTimerInActiveList  timers.o
    0x0800466c   0x0800466c   0x0000001a   Code   RO         3477    i.prvIsQueueEmpty   queue.o
    0x08004686   0x08004686   0x0000001e   Code   RO         3478    i.prvIsQueueFull    queue.o
    0x080046a4   0x080046a4   0x00000064   Code   RO         4244    i.prvProcessExpiredTimer  timers.o
    0x08004708   0x08004708   0x00000128   Code   RO         4245    i.prvProcessReceivedCommands  timers.o
    0x08004830   0x08004830   0x00000074   Code   RO         4246    i.prvProcessTimerOrBlockTask  timers.o
    0x080048a4   0x080048a4   0x00000034   Code   RO         3887    i.prvResetNextTaskUnblockTime  tasks.o
    0x080048d8   0x080048d8   0x0000002c   Code   RO         4247    i.prvSampleTimeNow  timers.o
    0x08004904   0x08004904   0x000000a0   Code   RO         4248    i.prvSwitchTimerLists  timers.o
    0x080049a4   0x080049a4   0x00000040   Code   RO         4891    i.prvTaskExitError  port.o
    0x080049e4   0x080049e4   0x0000001a   Code   RO         4249    i.prvTimerTask      timers.o
    0x080049fe   0x080049fe   0x0000007e   Code   RO         3479    i.prvUnlockQueue    queue.o
    0x08004a7c   0x08004a7c   0x0000013c   Code   RO         4842    i.pvPortMalloc      heap_4.o
    0x08004bb8   0x08004bb8   0x00000024   Code   RO         4892    i.pxPortInitialiseStack  port.o
    0x08004bdc   0x08004bdc   0x0000011c   Code   RO         4973    i.unpackData        controller.o
    0x08004cf8   0x08004cf8   0x00000028   Code   RO         3432    i.uxListRemove      list.o
    0x08004d20   0x08004d20   0x00000018   Code   RO         4470    i.vApplicationGetIdleTaskMemory  cmsis_os2.o
    0x08004d38   0x08004d38   0x00000018   Code   RO         4471    i.vApplicationGetTimerTaskMemory  cmsis_os2.o
    0x08004d50   0x08004d50   0x0000001a   Code   RO         3433    i.vListInitialise   list.o
    0x08004d6a   0x08004d6a   0x00000006   Code   RO         3434    i.vListInitialiseItem  list.o
    0x08004d70   0x08004d70   0x00000034   Code   RO         3435    i.vListInsert       list.o
    0x08004da4   0x08004da4   0x00000018   Code   RO         3436    i.vListInsertEnd    list.o
    0x08004dbc   0x08004dbc   0x00000054   Code   RO         4894    i.vPortEnterCritical  port.o
    0x08004e10   0x08004e10   0x0000003c   Code   RO         4895    i.vPortExitCritical  port.o
    0x08004e4c   0x08004e4c   0x00000094   Code   RO         4843    i.vPortFree         heap_4.o
    0x08004ee0   0x08004ee0   0x00000028   Code   RO         4896    i.vPortSetupTimerInterrupt  port.o
    0x08004f08   0x08004f08   0x00000078   Code   RO         4897    i.vPortValidateInterruptPriority  port.o
    0x08004f80   0x08004f80   0x0000002c   Code   RO         3485    i.vQueueAddToRegistry  queue.o
    0x08004fac   0x08004fac   0x0000004a   Code   RO         3489    i.vQueueWaitForMessageRestricted  queue.o
    0x08004ff6   0x08004ff6   0x00000002   PAD
    0x08004ff8   0x08004ff8   0x0000005c   Code   RO         3899    i.vTaskDelay        tasks.o
    0x08005054   0x08005054   0x00000018   Code   RO         3904    i.vTaskInternalSetTimeOutState  tasks.o
    0x0800506c   0x0800506c   0x0000000c   Code   RO         3905    i.vTaskMissedYield  tasks.o
    0x08005078   0x08005078   0x00000038   Code   RO         3907    i.vTaskPlaceOnEventList  tasks.o
    0x080050b0   0x080050b0   0x00000040   Code   RO         3908    i.vTaskPlaceOnEventListRestricted  tasks.o
    0x080050f0   0x080050f0   0x000000b8   Code   RO         3916    i.vTaskStartScheduler  tasks.o
    0x080051a8   0x080051a8   0x00000010   Code   RO         3918    i.vTaskSuspendAll   tasks.o
    0x080051b8   0x080051b8   0x00000090   Code   RO         3919    i.vTaskSwitchContext  tasks.o
    0x08005248   0x08005248   0x000000f8   Code   RO         4898    i.xPortStartScheduler  port.o
    0x08005340   0x08005340   0x000000de   Code   RO         3495    i.xQueueGenericCreateStatic  queue.o
    0x0800541e   0x0800541e   0x00000002   PAD
    0x08005420   0x08005420   0x00000098   Code   RO         3496    i.xQueueGenericReset  queue.o
    0x080054b8   0x080054b8   0x000001a8   Code   RO         3497    i.xQueueGenericSend  queue.o
    0x08005660   0x08005660   0x000000f8   Code   RO         3498    i.xQueueGenericSendFromISR  queue.o
    0x08005758   0x08005758   0x00000168   Code   RO         3507    i.xQueueReceive     queue.o
    0x080058c0   0x080058c0   0x0000008c   Code   RO         3920    i.xTaskCheckForTimeOut  tasks.o
    0x0800594c   0x0800594c   0x00000064   Code   RO         3921    i.xTaskCreate       tasks.o
    0x080059b0   0x080059b0   0x000000b8   Code   RO         3922    i.xTaskCreateStatic  tasks.o
    0x08005a68   0x08005a68   0x00000100   Code   RO         3923    i.xTaskGenericNotify  tasks.o
    0x08005b68   0x08005b68   0x00000140   Code   RO         3924    i.xTaskGenericNotifyFromISR  tasks.o
    0x08005ca8   0x08005ca8   0x00000020   Code   RO         3926    i.xTaskGetSchedulerState  tasks.o
    0x08005cc8   0x08005cc8   0x0000000c   Code   RO         3927    i.xTaskGetTickCount  tasks.o
    0x08005cd4   0x08005cd4   0x00000144   Code   RO         3929    i.xTaskIncrementTick  tasks.o
    0x08005e18   0x08005e18   0x000000a0   Code   RO         3931    i.xTaskNotifyWait   tasks.o
    0x08005eb8   0x08005eb8   0x000000a4   Code   RO         3932    i.xTaskPriorityDisinherit  tasks.o
    0x08005f5c   0x08005f5c   0x00000098   Code   RO         3934    i.xTaskRemoveFromEventList  tasks.o
    0x08005ff4   0x08005ff4   0x00000104   Code   RO         3935    i.xTaskResumeAll    tasks.o
    0x080060f8   0x080060f8   0x00000078   Code   RO         4256    i.xTimerCreateTimerTask  timers.o
    0x08006170   0x08006170   0x00000084   Code   RO         4257    i.xTimerGenericCommand  timers.o
    0x080061f4   0x080061f4   0x00000018   Code   RO         5359    x$fpl$dcmpinf       fz_ws.l(dcmpi.o)
    0x0800620c   0x0800620c   0x00000078   Code   RO         5322    x$fpl$dleqf         fz_ws.l(dleqf.o)
    0x08006284   0x08006284   0x0000009c   Code   RO         5361    x$fpl$dnaninf       fz_ws.l(dnaninf.o)
    0x08006320   0x08006320   0x0000000c   Code   RO         5363    x$fpl$dretinf       fz_ws.l(dretinf.o)
    0x0800632c   0x0800632c   0x0000006c   Code   RO         5326    x$fpl$drleqf        fz_ws.l(drleqf.o)
    0x08006398   0x08006398   0x00000056   Code   RO         5328    x$fpl$f2d           fz_ws.l(f2d.o)
    0x080063ee   0x080063ee   0x00000002   PAD
    0x080063f0   0x080063f0   0x000000c4   Code   RO         5330    x$fpl$fadd          fz_ws.l(faddsub_clz.o)
    0x080064b4   0x080064b4   0x00000018   Code   RO         5365    x$fpl$fcmpinf       fz_ws.l(fcmpi.o)
    0x080064cc   0x080064cc   0x00000184   Code   RO         5337    x$fpl$fdiv          fz_ws.l(fdiv.o)
    0x08006650   0x08006650   0x0000003e   Code   RO         5340    x$fpl$ffixu         fz_ws.l(ffixu.o)
    0x0800668e   0x0800668e   0x00000002   PAD
    0x08006690   0x08006690   0x00000030   Code   RO         5345    x$fpl$fflt          fz_ws.l(fflt_clz.o)
    0x080066c0   0x080066c0   0x00000026   Code   RO         5344    x$fpl$ffltu         fz_ws.l(fflt_clz.o)
    0x080066e6   0x080066e6   0x00000002   PAD
    0x080066e8   0x080066e8   0x00000068   Code   RO         5350    x$fpl$fleqf         fz_ws.l(fleqf.o)
    0x08006750   0x08006750   0x00000102   Code   RO         5352    x$fpl$fmul          fz_ws.l(fmul.o)
    0x08006852   0x08006852   0x0000008c   Code   RO         5367    x$fpl$fnaninf       fz_ws.l(fnaninf.o)
    0x080068de   0x080068de   0x0000000a   Code   RO         5369    x$fpl$fretinf       fz_ws.l(fretinf.o)
    0x080068e8   0x080068e8   0x00000062   Code   RO         5354    x$fpl$frleqf        fz_ws.l(frleqf.o)
    0x0800694a   0x0800694a   0x00000002   PAD
    0x0800694c   0x0800694c   0x000000ea   Code   RO         5332    x$fpl$fsub          fz_ws.l(faddsub_clz.o)
    0x08006a36   0x08006a36   0x00000000   Code   RO         5371    x$fpl$usenofp       fz_ws.l(usenofp.o)
    0x08006a36   0x08006a36   0x00000002   PAD
    0x08006a38   0x08006a38   0x00000024   Data   RO          241    .constdata          freertos.o
    0x08006a5c   0x08006a5c   0x00000018   Data   RO         3269    .constdata          system_stm32f1xx.o
    0x08006a74   0x08006a74   0x00000034   Data   RO         5030    .constdata          os.o
    0x08006aa8   0x08006aa8   0x0000000c   Data   RO          242    .conststring        freertos.o
    0x08006ab4   0x08006ab4   0x00000020   Data   RO         5526    Region$$Table       anon$$obj.o


    Execution Region RW_IRAM1 (Exec base: 0x20000000, Load base: 0x08006ad4, Size: 0x00004878, Max: 0x00005000, ABSOLUTE, COMPRESSED[0x0000003c])

    Exec Addr    Load Addr    Size         Type   Attr      Idx    E Section Name        Object

    0x20000000   COMPRESSED   0x00000004   Data   RW          243    .data               freertos.o
    0x20000004   COMPRESSED   0x00000009   Data   RW          935    .data               stm32f1xx_hal.o
    0x2000000d   COMPRESSED   0x00000003   PAD
    0x20000010   COMPRESSED   0x00000004   Data   RW         3270    .data               system_stm32f1xx.o
    0x20000014   COMPRESSED   0x0000003c   Data   RW         3938    .data               tasks.o
    0x20000050   COMPRESSED   0x00000014   Data   RW         4265    .data               timers.o
    0x20000064   COMPRESSED   0x00000004   Data   RW         4473    .data               cmsis_os2.o
    0x20000068   COMPRESSED   0x00000018   Data   RW         4848    .data               heap_4.o
    0x20000080   COMPRESSED   0x0000000c   Data   RW         4899    .data               port.o
    0x2000008c   COMPRESSED   0x00000008   Data   RW         4975    .data               controller.o
    0x20000094   COMPRESSED   0x00000004   Data   RW         5031    .data               os.o
    0x20000098   COMPRESSED   0x000000d0   Data   RW         5099    .data               pwm.o
    0x20000168        -       0x00000030   Zero   RW          294    .bss                adc.o
    0x20000198        -       0x00000090   Zero   RW          362    .bss                tim.o
    0x20000228        -       0x00000088   Zero   RW          414    .bss                usart.o
    0x200002b0        -       0x00000048   Zero   RW          562    .bss                stm32f1xx_hal_timebase_tim.o
    0x200002f8        -       0x00000040   Zero   RW         3511    .bss                queue.o
    0x20000338        -       0x000004c4   Zero   RW         3937    .bss                tasks.o
    0x200007fc        -       0x00000118   Zero   RW         4264    .bss                timers.o
    0x20000914        -       0x000006b8   Zero   RW         4472    .bss                cmsis_os2.o
    0x20000fcc        -       0x00000c00   Zero   RW         4847    .bss                heap_4.o
    0x20001bcc        -       0x00000048   Zero   RW         4974    .bss                controller.o
    0x20001c14        -       0x000025c4   Zero   RW         5029    .bss                os.o
    0x200041d8        -       0x0000003c   Zero   RW         5168    .bss                bsp_adc.o
    0x20004214        -       0x00000060   Zero   RW         5398    .bss                c_w.l(libspace.o)
    0x20004274   COMPRESSED   0x00000004   PAD
    0x20004278        -       0x00000200   Zero   RW            2    HEAP                startup_stm32f103xb.o
    0x20004478        -       0x00000400   Zero   RW            1    STACK               startup_stm32f103xb.o


==============================================================================

Image component sizes


      Code (inc. data)   RO Data    RW Data    ZI Data      Debug   Object Name

       204         24          0          0         48       1533   adc.o
       308         30          0          0         60       6830   bsp_adc.o
       882         58          0          4       1720      17020   cmsis_os2.o
        20          0          0          0          0        446   components.o
       476         48          0          8         72       4474   controller.o
        52          4          0          0          0        678   dma.o
         0          0          0          0          0      20016   event_groups.o
       628         32          0          0          0        711   example_task.o
        46         14         48          4          0       4193   freertos.o
       252         12          0          0          0        927   gpio.o
       692         62          0         24       3072       4479   heap_4.o
       148          0          0          0          0       3226   list.o
       226         12          0          0          0     465436   main.o
       160         20         52          4       9668       5369   os.o
       854         78          0         12          0      10525   port.o
        20          4          0          0          0        417   power.o
       428         22          0        208          0       4206   pwm.o
      1914         20          0          0         64      16244   queue.o
        64         26        236          0       1536        780   startup_stm32f103xb.o
       116         24          0          9          0       5026   stm32f1xx_hal.o
      1608         62          0          0          0       6128   stm32f1xx_hal_adc.o
       280          4          0          0          0       1398   stm32f1xx_hal_adc_ex.o
       252         22          0          0          0      28478   stm32f1xx_hal_cortex.o
       978         12          0          0          0       4642   stm32f1xx_hal_dma.o
       842         38          0          0          0       3660   stm32f1xx_hal_gpio.o
        96         10          0          0          0        834   stm32f1xx_hal_msp.o
      1852        120          0          0          0       6345   stm32f1xx_hal_rcc.o
       584         46          0          0          0       2313   stm32f1xx_hal_rcc_ex.o
      1730         60          0          0          0      11361   stm32f1xx_hal_tim.o
       252         14          0          0          0       3029   stm32f1xx_hal_tim_ex.o
       180         22          0          0         72       1367   stm32f1xx_hal_timebase_tim.o
      1848         24          0          0          0      12306   stm32f1xx_hal_uart.o
       260         32          0          0          0       5177   stm32f1xx_it.o
         0          0          0          0          0       8864   stream_buffer.o
         2          0         24          4          0       1023   system_stm32f1xx.o
      3532        408          0         60       1220      26273   tasks.o
       708         44          0          0        144       3052   tim.o
      1238        124          0         20        280      26075   timers.o
       296         36          0          0        136       1689   usart.o
        32         12          0          0          0        408   user_main.o

    ----------------------------------------------------------------------
     24098       1580        392        360      18092     726958   Object Totals
         0          0         32          0          0          0   (incl. Generated)
        38          0          0          3          0          0   (incl. Padding)

    ----------------------------------------------------------------------

      Code (inc. data)   RO Data    RW Data    ZI Data      Debug   Library Member Name

        90          0          0          0          0          0   __dczerorl2.o
         8          0          0          0          0         68   __main.o
         0          0          0          0          0          0   __rtentry.o
        12          0          0          0          0          0   __rtentry2.o
         6          0          0          0          0          0   __rtentry4.o
        52          8          0          0          0          0   __scatter.o
        28          0          0          0          0          0   __scatter_zi.o
        16          0          0          0          0         68   aeabi_memset.o
        18          0          0          0          0         80   exit.o
         6          0          0          0          0        152   heapauxi.o
         0          0          0          0          0          0   indicate_semi.o
         2          0          0          0          0          0   libinit.o
         2          0          0          0          0          0   libinit2.o
         2          0          0          0          0          0   libshutdown.o
         2          0          0          0          0          0   libshutdown2.o
         8          4          0          0         96         68   libspace.o
        68          0          0          0          0         68   rt_memclr.o
        78          0          0          0          0         80   rt_memclr_w.o
       138          0          0          0          0         68   rt_memcpy_v6.o
       100          0          0          0          0         80   rt_memcpy_w.o
         2          0          0          0          0          0   rtexit.o
        10          0          0          0          0          0   rtexit2.o
        12          4          0          0          0         68   sys_exit.o
        74          0          0          0          0         80   sys_stackheap_outer.o
         2          0          0          0          0         68   use_no_semi.o
        24          0          0          0          0         68   dcmpi.o
       120          4          0          0          0         92   dleqf.o
       156          4          0          0          0         92   dnaninf.o
        12          0          0          0          0         68   dretinf.o
       108          0          0          0          0         80   drleqf.o
        86          4          0          0          0         84   f2d.o
       430          8          0          0          0        168   faddsub_clz.o
        24          0          0          0          0         68   fcmpi.o
       388         76          0          0          0         96   fdiv.o
        62          4          0          0          0         84   ffixu.o
        86          0          0          0          0        136   fflt_clz.o
       104          4          0          0          0         84   fleqf.o
       258          4          0          0          0         84   fmul.o
       140          4          0          0          0         84   fnaninf.o
        10          0          0          0          0         68   fretinf.o
        98          0          0          0          0         68   frleqf.o
         0          0          0          0          0          0   usenofp.o

    ----------------------------------------------------------------------
      2858        128          0          0        100       2372   Library Totals
        16          0          0          0          4          0   (incl. Padding)

    ----------------------------------------------------------------------

      Code (inc. data)   RO Data    RW Data    ZI Data      Debug   Library Name

       736         16          0          0         96        948   c_w.l
      2106        112          0          0          0       1424   fz_ws.l

    ----------------------------------------------------------------------
      2858        128          0          0        100       2372   Library Totals

    ----------------------------------------------------------------------

==============================================================================


      Code (inc. data)   RO Data    RW Data    ZI Data      Debug   

     26956       1708        392        360      18192     717522   Grand Totals
     26956       1708        392         60      18192     717522   ELF Image Totals (compressed)
     26956       1708        392         60          0          0   ROM Totals

==============================================================================

    Total RO  Size (Code + RO Data)                27348 (  26.71kB)
    Total RW  Size (RW Data + ZI Data)             18552 (  18.12kB)
    Total ROM Size (Code + RO Data + RW Data)      27408 (  26.77kB)

==============================================================================

