<html>
<body>
<pre>
<h1>µVision Build Log</h1>
<h2>Tool Versions:</h2>
IDE-Version: ¦ÌVision V5.36.0.0
Copyright (C) 2021 ARM Ltd and ARM Germany GmbH. All rights reserved.
License Information: 1 2265011, HP Inc., LIC=JL28G-V4EE9-BS3YX-HGA5N-S74G5-ZMRTZ
 
Tool Versions:
Toolchain:       MDK-ARM Plus  Version: 5.36.0.0
Toolchain Path:  C:\Keil_v5\ARM\ARMCC\Bin
C Compiler:      Armcc.exe V5.06 update 7 (build 960)
Assembler:       Armasm.exe V5.06 update 7 (build 960)
Linker/Locator:  ArmLink.exe V5.06 update 7 (build 960)
Library Manager: ArmAr.exe V5.06 update 7 (build 960)
Hex Converter:   FromElf.exe V5.06 update 7 (build 960)
CPU DLL:         SARMCM3.DLL V5.36.0.0
Dialog DLL:      DCM.DLL V1.17.3.0
Target DLL:      STLink\ST-LINKIII-KEIL_SWO.dll V3.0.9.0
Dialog DLL:      TCM.DLL V1.53.0.0
 
<h2>Project:</h2>
C:\Users\22650\Desktop\2023RM\car_1\car\MDK-ARM\F103_tutorial-Dev.uvprojx
Project File Date:  12/22/2023

<h2>Output:</h2>
*** Using Compiler 'V5.06 update 7 (build 960)', folder: 'C:\Keil_v5\ARM\ARMCC\Bin'
Build target 'F103_tutorial-Dev'
compiling example_task.c...
..\Tasks\Src\example_task.c(78): warning:  #188-D: enumerated type mixed with another type
  				HAL_GPIO_WritePin(GPIOB,GPIO_PIN_8,1);
..\Tasks\Src\example_task.c(79): warning:  #188-D: enumerated type mixed with another type
  				HAL_GPIO_WritePin(GPIOB,GPIO_PIN_14,0);
..\Tasks\Src\example_task.c(80): warning:  #188-D: enumerated type mixed with another type
  				HAL_GPIO_WritePin(GPIOB,GPIO_PIN_9,1);
..\Tasks\Src\example_task.c(81): warning:  #188-D: enumerated type mixed with another type
  				HAL_GPIO_WritePin(GPIOA,GPIO_PIN_7,0);
..\Tasks\Src\example_task.c(86): warning:  #188-D: enumerated type mixed with another type
  				HAL_GPIO_WritePin(GPIOB,GPIO_PIN_8,0);
..\Tasks\Src\example_task.c(87): warning:  #188-D: enumerated type mixed with another type
  				HAL_GPIO_WritePin(GPIOB,GPIO_PIN_14,1);
..\Tasks\Src\example_task.c(88): warning:  #188-D: enumerated type mixed with another type
  				HAL_GPIO_WritePin(GPIOB,GPIO_PIN_9,0);
..\Tasks\Src\example_task.c(89): warning:  #188-D: enumerated type mixed with another type
  				HAL_GPIO_WritePin(GPIOA,GPIO_PIN_7,1);
..\Tasks\Src\example_task.c(100): warning:  #188-D: enumerated type mixed with another type
  					HAL_GPIO_WritePin(GPIOB,GPIO_PIN_8,1);
..\Tasks\Src\example_task.c(101): warning:  #188-D: enumerated type mixed with another type
  					HAL_GPIO_WritePin(GPIOB,GPIO_PIN_14,0);
..\Tasks\Src\example_task.c(102): warning:  #188-D: enumerated type mixed with another type
  					HAL_GPIO_WritePin(GPIOB,GPIO_PIN_9,0);
..\Tasks\Src\example_task.c(103): warning:  #188-D: enumerated type mixed with another type
  					HAL_GPIO_WritePin(GPIOA,GPIO_PIN_7,1);
..\Tasks\Src\example_task.c(108): warning:  #188-D: enumerated type mixed with another type
  					HAL_GPIO_WritePin(GPIOB,GPIO_PIN_8,0);
..\Tasks\Src\example_task.c(109): warning:  #188-D: enumerated type mixed with another type
  					HAL_GPIO_WritePin(GPIOB,GPIO_PIN_14,1);
..\Tasks\Src\example_task.c(110): warning:  #188-D: enumerated type mixed with another type
  					HAL_GPIO_WritePin(GPIOB,GPIO_PIN_9,0);
..\Tasks\Src\example_task.c(111): warning:  #188-D: enumerated type mixed with another type
  					HAL_GPIO_WritePin(GPIOA,GPIO_PIN_7,0);
..\Tasks\Src\example_task.c(116): warning:  #188-D: enumerated type mixed with another type
  					HAL_GPIO_WritePin(GPIOB,GPIO_PIN_8,1);
..\Tasks\Src\example_task.c(117): warning:  #188-D: enumerated type mixed with another type
  					HAL_GPIO_WritePin(GPIOB,GPIO_PIN_14,1);
..\Tasks\Src\example_task.c(118): warning:  #188-D: enumerated type mixed with another type
  					HAL_GPIO_WritePin(GPIOB,GPIO_PIN_9,1);
..\Tasks\Src\example_task.c(119): warning:  #188-D: enumerated type mixed with another type
  					HAL_GPIO_WritePin(GPIOA,GPIO_PIN_7,1);
..\Tasks\Src\example_task.c(132): warning:  #188-D: enumerated type mixed with another type
  					HAL_GPIO_WritePin(GPIOB,GPIO_PIN_8,1);
..\Tasks\Src\example_task.c(133): warning:  #188-D: enumerated type mixed with another type
  					HAL_GPIO_WritePin(GPIOB,GPIO_PIN_14,0);
..\Tasks\Src\example_task.c(134): warning:  #188-D: enumerated type mixed with another type
  					HAL_GPIO_WritePin(GPIOB,GPIO_PIN_9,1);
..\Tasks\Src\example_task.c(135): warning:  #188-D: enumerated type mixed with another type
  					HAL_GPIO_WritePin(GPIOA,GPIO_PIN_7,0);
..\Tasks\Src\example_task.c(154): warning:  #188-D: enumerated type mixed with another type
  					HAL_GPIO_WritePin(GPIOB,GPIO_PIN_8,0);
..\Tasks\Src\example_task.c(155): warning:  #188-D: enumerated type mixed with another type
  					HAL_GPIO_WritePin(GPIOB,GPIO_PIN_14,1);
..\Tasks\Src\example_task.c(156): warning:  #188-D: enumerated type mixed with another type
  					HAL_GPIO_WritePin(GPIOB,GPIO_PIN_9,0);
..\Tasks\Src\example_task.c(157): warning:  #188-D: enumerated type mixed with another type
  					HAL_GPIO_WritePin(GPIOA,GPIO_PIN_7,1);
..\Tasks\Src\example_task.c(164): warning:  #188-D: enumerated type mixed with another type
  					HAL_GPIO_WritePin(GPIOB,GPIO_PIN_8,0);
..\Tasks\Src\example_task.c(165): warning:  #188-D: enumerated type mixed with another type
  					HAL_GPIO_WritePin(GPIOB,GPIO_PIN_14,0);
..\Tasks\Src\example_task.c(166): warning:  #188-D: enumerated type mixed with another type
  					HAL_GPIO_WritePin(GPIOB,GPIO_PIN_9,0);
..\Tasks\Src\example_task.c(167): warning:  #188-D: enumerated type mixed with another type
  					HAL_GPIO_WritePin(GPIOA,GPIO_PIN_7,0);
..\Tasks\Src\example_task.c(282): warning:  #111-D: statement is unreachable
  			if (control.triSwitch[0] == 2){
..\Tasks\Src\example_task.c(284): warning:  #188-D: enumerated type mixed with another type
  					HAL_GPIO_WritePin(GPIOB,GPIO_PIN_14,1);
..\Tasks\Src\example_task.c(285): warning:  #188-D: enumerated type mixed with another type
  					HAL_GPIO_WritePin(GPIOB,GPIO_PIN_9,1);
..\Tasks\Src\example_task.c(286): warning:  #188-D: enumerated type mixed with another type
  					HAL_GPIO_WritePin(GPIOA,GPIO_PIN_7,1);
..\Tasks\Src\example_task.c(49): warning:  #177-D: variable "forward"  was declared but never referenced
  	float forward = control.channel[1];
..\Tasks\Src\example_task.c(50): warning:  #177-D: variable "direction"  was declared but never referenced
  	float direction = control.channel[0];
..\Tasks\Src\example_task.c: 38 warnings, 0 errors
linking...
Program Size: Code=30416 RO-data=392 RW-data=360 ZI-data=18192  
FromELF: creating hex file...
"F103_tutorial-Dev\F103_tutorial-Dev.axf" - 0 Error(s), 38 Warning(s).

<h2>Software Packages used:</h2>

Package Vendor: ARM
                http://www.keil.com/pack/ARM.CMSIS.5.8.0.pack
                ARM.CMSIS.5.8.0
                CMSIS (Common Microcontroller Software Interface Standard)
   * Component: CORE Version: 5.5.0

Package Vendor: Keil
                http://www.keil.com/pack/Keil.STM32F1xx_DFP.2.3.0.pack
                Keil.STM32F1xx_DFP.2.3.0
                STMicroelectronics STM32F1 Series Device Support, Drivers and Examples

<h2>Collection of Component include folders:</h2>
  .\RTE\_F103_tutorial-Dev
  C:\Users\22650\AppData\Local\Arm\Packs\ARM\CMSIS\5.8.0\CMSIS\Core\Include
  C:\Users\22650\AppData\Local\Arm\Packs\Keil\STM32F1xx_DFP\2.3.0\Device\Include

<h2>Collection of Component Files used:</h2>

   * Component: ARM::CMSIS:CORE:5.5.0
      Include file:  CMSIS\Core\Include\tz_context.h
Build Time Elapsed:  00:00:03
</pre>
</body>
</html>
